Archive member included to satisfy reference by file (symbol)

c:/st/stm32cubeide_1.4.0/stm32cubeide/plugins/com.st.stm32cube.ide.mcu.externaltools.gnu-tools-for-stm32.7-2018-q2-update.win32_1.5.0.202011040924/tools/bin/../lib/gcc/arm-none-eabi/7.3.1/../../../../arm-none-eabi/lib/thumb/v7e-m/fpv4-sp/hard\libc_nano.a(lib_a-errno.o)
                              Core/Src/syscalls.o (__errno)
c:/st/stm32cubeide_1.4.0/stm32cubeide/plugins/com.st.stm32cube.ide.mcu.externaltools.gnu-tools-for-stm32.7-2018-q2-update.win32_1.5.0.202011040924/tools/bin/../lib/gcc/arm-none-eabi/7.3.1/../../../../arm-none-eabi/lib/thumb/v7e-m/fpv4-sp/hard\libc_nano.a(lib_a-exit.o)
                              c:/st/stm32cubeide_1.4.0/stm32cubeide/plugins/com.st.stm32cube.ide.mcu.externaltools.gnu-tools-for-stm32.7-2018-q2-update.win32_1.5.0.202011040924/tools/bin/../lib/gcc/arm-none-eabi/7.3.1/../../../../arm-none-eabi/lib/thumb/v7e-m/fpv4-sp/hard/crt0.o (exit)
c:/st/stm32cubeide_1.4.0/stm32cubeide/plugins/com.st.stm32cube.ide.mcu.externaltools.gnu-tools-for-stm32.7-2018-q2-update.win32_1.5.0.202011040924/tools/bin/../lib/gcc/arm-none-eabi/7.3.1/../../../../arm-none-eabi/lib/thumb/v7e-m/fpv4-sp/hard\libc_nano.a(lib_a-impure.o)
                              c:/st/stm32cubeide_1.4.0/stm32cubeide/plugins/com.st.stm32cube.ide.mcu.externaltools.gnu-tools-for-stm32.7-2018-q2-update.win32_1.5.0.202011040924/tools/bin/../lib/gcc/arm-none-eabi/7.3.1/../../../../arm-none-eabi/lib/thumb/v7e-m/fpv4-sp/hard\libc_nano.a(lib_a-exit.o) (_global_impure_ptr)
c:/st/stm32cubeide_1.4.0/stm32cubeide/plugins/com.st.stm32cube.ide.mcu.externaltools.gnu-tools-for-stm32.7-2018-q2-update.win32_1.5.0.202011040924/tools/bin/../lib/gcc/arm-none-eabi/7.3.1/../../../../arm-none-eabi/lib/thumb/v7e-m/fpv4-sp/hard\libc_nano.a(lib_a-init.o)
                              c:/st/stm32cubeide_1.4.0/stm32cubeide/plugins/com.st.stm32cube.ide.mcu.externaltools.gnu-tools-for-stm32.7-2018-q2-update.win32_1.5.0.202011040924/tools/bin/../lib/gcc/arm-none-eabi/7.3.1/../../../../arm-none-eabi/lib/thumb/v7e-m/fpv4-sp/hard/crt0.o (__libc_init_array)
c:/st/stm32cubeide_1.4.0/stm32cubeide/plugins/com.st.stm32cube.ide.mcu.externaltools.gnu-tools-for-stm32.7-2018-q2-update.win32_1.5.0.202011040924/tools/bin/../lib/gcc/arm-none-eabi/7.3.1/../../../../arm-none-eabi/lib/thumb/v7e-m/fpv4-sp/hard\libc_nano.a(lib_a-memcmp.o)
                              Middlewares/ST/STM32_WPAN/ble/core/Src/core/osal.o (memcmp)
c:/st/stm32cubeide_1.4.0/stm32cubeide/plugins/com.st.stm32cube.ide.mcu.externaltools.gnu-tools-for-stm32.7-2018-q2-update.win32_1.5.0.202011040924/tools/bin/../lib/gcc/arm-none-eabi/7.3.1/../../../../arm-none-eabi/lib/thumb/v7e-m/fpv4-sp/hard\libc_nano.a(lib_a-memcpy-stub.o)
                              Middlewares/ST/STM32_WPAN/ble/core/Src/core/osal.o (memcpy)
c:/st/stm32cubeide_1.4.0/stm32cubeide/plugins/com.st.stm32cube.ide.mcu.externaltools.gnu-tools-for-stm32.7-2018-q2-update.win32_1.5.0.202011040924/tools/bin/../lib/gcc/arm-none-eabi/7.3.1/../../../../arm-none-eabi/lib/thumb/v7e-m/fpv4-sp/hard\libc_nano.a(lib_a-memset.o)
                              c:/st/stm32cubeide_1.4.0/stm32cubeide/plugins/com.st.stm32cube.ide.mcu.externaltools.gnu-tools-for-stm32.7-2018-q2-update.win32_1.5.0.202011040924/tools/bin/../lib/gcc/arm-none-eabi/7.3.1/../../../../arm-none-eabi/lib/thumb/v7e-m/fpv4-sp/hard/crt0.o (memset)
c:/st/stm32cubeide_1.4.0/stm32cubeide/plugins/com.st.stm32cube.ide.mcu.externaltools.gnu-tools-for-stm32.7-2018-q2-update.win32_1.5.0.202011040924/tools/bin/../lib/gcc/arm-none-eabi/7.3.1/../../../../arm-none-eabi/lib/thumb/v7e-m/fpv4-sp/hard\libc_nano.a(lib_a-printf.o)
                              Middlewares/ST/STM32_WPAN/utilities/dbg_trace.o (printf)
c:/st/stm32cubeide_1.4.0/stm32cubeide/plugins/com.st.stm32cube.ide.mcu.externaltools.gnu-tools-for-stm32.7-2018-q2-update.win32_1.5.0.202011040924/tools/bin/../lib/gcc/arm-none-eabi/7.3.1/../../../../arm-none-eabi/lib/thumb/v7e-m/fpv4-sp/hard\libc_nano.a(lib_a-sprintf.o)
                              Core/Src/hal_lcd.o (sprintf)
c:/st/stm32cubeide_1.4.0/stm32cubeide/plugins/com.st.stm32cube.ide.mcu.externaltools.gnu-tools-for-stm32.7-2018-q2-update.win32_1.5.0.202011040924/tools/bin/../lib/gcc/arm-none-eabi/7.3.1/../../../../arm-none-eabi/lib/thumb/v7e-m/fpv4-sp/hard\libc_nano.a(lib_a-strlen.o)
                              Core/Src/fonts.o (strlen)
c:/st/stm32cubeide_1.4.0/stm32cubeide/plugins/com.st.stm32cube.ide.mcu.externaltools.gnu-tools-for-stm32.7-2018-q2-update.win32_1.5.0.202011040924/tools/bin/../lib/gcc/arm-none-eabi/7.3.1/../../../../arm-none-eabi/lib/thumb/v7e-m/fpv4-sp/hard\libc_nano.a(lib_a-strrchr.o)
                              Middlewares/ST/STM32_WPAN/utilities/dbg_trace.o (strrchr)
[...]
Memory Configuration

Name             Origin             Length             Attributes
FLASH            0x0000000008000000 0x0000000000080000 xr
RAM1             0x0000000020000004 0x000000000002fffc xrw
RAM_SHARED       0x0000000020030000 0x0000000000002800 xrw
*default*        0x0000000000000000 0xffffffffffffffff

Linker script and memory map

LOAD c:/st/stm32cubeide_1.4.0/stm32cubeide/plugins/com.st.stm32cube.ide.mcu.externaltools.gnu-tools-for-stm32.7-2018-q2-update.win32_1.5.0.202011040924/tools/bin/../lib/gcc/arm-none-eabi/7.3.1/thumb/v7e-m/fpv4-sp/hard/crti.o
LOAD c:/st/stm32cubeide_1.4.0/stm32cubeide/plugins/com.st.stm32cube.ide.mcu.externaltools.gnu-tools-for-stm32.7-2018-q2-update.win32_1.5.0.202011040924/tools/bin/../lib/gcc/arm-none-eabi/7.3.1/thumb/v7e-m/fpv4-sp/hard/crtbegin.o
LOAD c:/st/stm32cubeide_1.4.0/stm32cubeide/plugins/com.st.stm32cube.ide.mcu.externaltools.gnu-tools-for-stm32.7-2018-q2-update.win32_1.5.0.202011040924/tools/bin/../lib/gcc/arm-none-eabi/7.3.1/../../../../arm-none-eabi/lib/thumb/v7e-m/fpv4-sp/hard/crt0.o
LOAD Core/Src/app_entry.o
LOAD Core/Src/bluetooth_logo.o
LOAD Core/Src/fonts.o
LOAD Core/Src/hal_lcd.o
LOAD Core/Src/hw_lpm.o
LOAD Core/Src/hw_timerserver.o
LOAD Core/Src/main.o
LOAD Core/Src/ssd1306.o
LOAD Core/Src/stm32wbxx_hal_msp.o
LOAD Core/Src/stm32wbxx_it.o
LOAD Core/Src/syscalls.o
LOAD Core/Src/sysmem.o
LOAD Core/Src/system_stm32wbxx.o
LOAD Core/Startup/startup_stm32wb55rgvx.o
LOAD Drivers/STM32WBxx_HAL_Driver/Src/stm32wbxx_hal.o
LOAD Drivers/STM32WBxx_HAL_Driver/Src/stm32wbxx_hal_cortex.o
LOAD Drivers/STM32WBxx_HAL_Driver/Src/stm32wbxx_hal_dma.o
LOAD Drivers/STM32WBxx_HAL_Driver/Src/stm32wbxx_hal_dma_ex.o
LOAD Drivers/STM32WBxx_HAL_Driver/Src/stm32wbxx_hal_exti.o
LOAD Drivers/STM32WBxx_HAL_Driver/Src/stm32wbxx_hal_flash.o
LOAD Drivers/STM32WBxx_HAL_Driver/Src/stm32wbxx_hal_flash_ex.o
LOAD Drivers/STM32WBxx_HAL_Driver/Src/stm32wbxx_hal_gpio.o
LOAD Drivers/STM32WBxx_HAL_Driver/Src/stm32wbxx_hal_hsem.o
LOAD Drivers/STM32WBxx_HAL_Driver/Src/stm32wbxx_hal_i2c.o
LOAD Drivers/STM32WBxx_HAL_Driver/Src/stm32wbxx_hal_i2c_ex.o
LOAD Drivers/STM32WBxx_HAL_Driver/Src/stm32wbxx_hal_pwr.o
LOAD Drivers/STM32WBxx_HAL_Driver/Src/stm32wbxx_hal_pwr_ex.o
LOAD Drivers/STM32WBxx_HAL_Driver/Src/stm32wbxx_hal_rcc.o
LOAD Drivers/STM32WBxx_HAL_Driver/Src/stm32wbxx_hal_rcc_ex.o
LOAD Drivers/STM32WBxx_HAL_Driver/Src/stm32wbxx_hal_rtc.o
LOAD Drivers/STM32WBxx_HAL_Driver/Src/stm32wbxx_hal_rtc_ex.o
LOAD Drivers/STM32WBxx_HAL_Driver/Src/stm32wbxx_hal_tim.o
LOAD Drivers/STM32WBxx_HAL_Driver/Src/stm32wbxx_hal_tim_ex.o
LOAD Drivers/STM32WBxx_HAL_Driver/Src/stm32wbxx_hal_uart.o
LOAD Drivers/STM32WBxx_HAL_Driver/Src/stm32wbxx_hal_uart_ex.o
LOAD Middlewares/ST/STM32_WPAN/ble/core/Src/blesvc/p2p_stm.o
LOAD Middlewares/ST/STM32_WPAN/ble/core/Src/blesvc/svc_ctl.o
LOAD Middlewares/ST/STM32_WPAN/ble/core/Src/core/ble_gap_aci.o
LOAD Middlewares/ST/STM32_WPAN/ble/core/Src/core/ble_gatt_aci.o
LOAD Middlewares/ST/STM32_WPAN/ble/core/Src/core/ble_hal_aci.o
LOAD Middlewares/ST/STM32_WPAN/ble/core/Src/core/ble_hci_le.o
LOAD Middlewares/ST/STM32_WPAN/ble/core/Src/core/ble_l2cap_aci.o
LOAD Middlewares/ST/STM32_WPAN/ble/core/Src/core/osal.o
LOAD Middlewares/ST/STM32_WPAN/interface/patterns/ble_thread/shci/shci.o
LOAD Middlewares/ST/STM32_WPAN/interface/patterns/ble_thread/tl/hci_tl.o
LOAD Middlewares/ST/STM32_WPAN/interface/patterns/ble_thread/tl/shci_tl.o
LOAD Middlewares/ST/STM32_WPAN/interface/patterns/ble_thread/tl/tl_if.o
LOAD Middlewares/ST/STM32_WPAN/interface/patterns/ble_thread/tl/tl_mbox.o
LOAD Middlewares/ST/STM32_WPAN/utilities/dbg_trace.o
LOAD Middlewares/ST/STM32_WPAN/utilities/lpm.o
LOAD Middlewares/ST/STM32_WPAN/utilities/otp.o
LOAD Middlewares/ST/STM32_WPAN/utilities/scheduler.o
LOAD Middlewares/ST/STM32_WPAN/utilities/stm_list.o
LOAD Middlewares/ST/STM32_WPAN/utilities/stm_queue.o
LOAD STM32_WPAN/App/app_ble.o
LOAD STM32_WPAN/App/p2p_server_app.o
LOAD STM32_WPAN/Target/hw_ipcc.o
START GROUP
LOAD c:/st/stm32cubeide_1.4.0/stm32cubeide/plugins/com.st.stm32cube.ide.mcu.externaltools.gnu-tools-for-stm32.7-2018-q2-update.win32_1.5.0.202011040924/tools/bin/../lib/gcc/arm-none-eabi/7.3.1/../../../../arm-none-eabi/lib/thumb/v7e-m/fpv4-sp/hard\libc_nano.a
LOAD c:/st/stm32cubeide_1.4.0/stm32cubeide/plugins/com.st.stm32cube.ide.mcu.externaltools.gnu-tools-for-stm32.7-2018-q2-update.win32_1.5.0.202011040924/tools/bin/../lib/gcc/arm-none-eabi/7.3.1/../../../../arm-none-eabi/lib/thumb/v7e-m/fpv4-sp/hard\libm.a
END GROUP
START GROUP
LOAD c:/st/stm32cubeide_1.4.0/stm32cubeide/plugins/com.st.stm32cube.ide.mcu.externaltools.gnu-tools-for-stm32.7-2018-q2-update.win32_1.5.0.202011040924/tools/bin/../lib/gcc/arm-none-eabi/7.3.1/thumb/v7e-m/fpv4-sp/hard\libgcc.a
LOAD c:/st/stm32cubeide_1.4.0/stm32cubeide/plugins/com.st.stm32cube.ide.mcu.externaltools.gnu-tools-for-stm32.7-2018-q2-update.win32_1.5.0.202011040924/tools/bin/../lib/gcc/arm-none-eabi/7.3.1/../../../../arm-none-eabi/lib/thumb/v7e-m/fpv4-sp/hard\libc_nano.a
END GROUP
START GROUP
LOAD c:/st/stm32cubeide_1.4.0/stm32cubeide/plugins/com.st.stm32cube.ide.mcu.externaltools.gnu-tools-for-stm32.7-2018-q2-update.win32_1.5.0.202011040924/tools/bin/../lib/gcc/arm-none-eabi/7.3.1/thumb/v7e-m/fpv4-sp/hard\libgcc.a
LOAD c:/st/stm32cubeide_1.4.0/stm32cubeide/plugins/com.st.stm32cube.ide.mcu.externaltools.gnu-tools-for-stm32.7-2018-q2-update.win32_1.5.0.202011040924/tools/bin/../lib/gcc/arm-none-eabi/7.3.1/../../../../arm-none-eabi/lib/thumb/v7e-m/fpv4-sp/hard\libc_nano.a
LOAD c:/st/stm32cubeide_1.4.0/stm32cubeide/plugins/com.st.stm32cube.ide.mcu.externaltools.gnu-tools-for-stm32.7-2018-q2-update.win32_1.5.0.202011040924/tools/bin/../lib/gcc/arm-none-eabi/7.3.1/../../../../arm-none-eabi/lib/thumb/v7e-m/fpv4-sp/hard\libnosys.a
END GROUP
START GROUP
LOAD c:/st/stm32cubeide_1.4.0/stm32cubeide/plugins/com.st.stm32cube.ide.mcu.externaltools.gnu-tools-for-stm32.7-2018-q2-update.win32_1.5.0.202011040924/tools/bin/../lib/gcc/arm-none-eabi/7.3.1/thumb/v7e-m/fpv4-sp/hard\libgcc.a
LOAD c:/st/stm32cubeide_1.4.0/stm32cubeide/plugins/com.st.stm32cube.ide.mcu.externaltools.gnu-tools-for-stm32.7-2018-q2-update.win32_1.5.0.202011040924/tools/bin/../lib/gcc/arm-none-eabi/7.3.1/../../../../arm-none-eabi/lib/thumb/v7e-m/fpv4-sp/hard\libc_nano.a
LOAD c:/st/stm32cubeide_1.4.0/stm32cubeide/plugins/com.st.stm32cube.ide.mcu.externaltools.gnu-tools-for-stm32.7-2018-q2-update.win32_1.5.0.202011040924/tools/bin/../lib/gcc/arm-none-eabi/7.3.1/../../../../arm-none-eabi/lib/thumb/v7e-m/fpv4-sp/hard\libnosys.a
END GROUP
LOAD c:/st/stm32cubeide_1.4.0/stm32cubeide/plugins/com.st.stm32cube.ide.mcu.externaltools.gnu-tools-for-stm32.7-2018-q2-update.win32_1.5.0.202011040924/tools/bin/../lib/gcc/arm-none-eabi/7.3.1/thumb/v7e-m/fpv4-sp/hard/crtend.o
LOAD c:/st/stm32cubeide_1.4.0/stm32cubeide/plugins/com.st.stm32cube.ide.mcu.externaltools.gnu-tools-for-stm32.7-2018-q2-update.win32_1.5.0.202011040924/tools/bin/../lib/gcc/arm-none-eabi/7.3.1/thumb/v7e-m/fpv4-sp/hard/crtn.o
                0x0000000020030000                _estack = 0x20030000
                0x0000000000000200                _Min_Heap_Size = 0x200
                0x0000000000000400                _Min_Stack_Size = 0x400

.isr_vector     0x0000000008000000      0x13c
                0x0000000008000000                . = ALIGN (0x4)
 *(.isr_vector)
 .isr_vector    0x0000000008000000      0x13c Core/Startup/startup_stm32wb55rgvx.o
                0x0000000008000000                g_pfnVectors
                0x000000000800013c                . = ALIGN (0x4)

.text           0x0000000008000140     0x94c4
                0x0000000008000140                . = ALIGN (0x4)
 *(.text)
 .text          0x0000000008000140       0x40 c:/st/stm32cubeide_1.4.0/stm32cubeide/plugins/com.st.stm32cube.ide.mcu.externaltools.gnu-tools-for-stm32.7-2018-q2-update.win32_1.5.0.202011040924/tools/bin/../lib/gcc/arm-none-eabi/7.3.1/thumb/v7e-m/fpv4-sp/hard/crtbegin.o
 .text          0x0000000008000180       0x10 c:/st/stm32cubeide_1.4.0/stm32cubeide/plugins/com.st.stm32cube.ide.mcu.externaltools.gnu-tools-for-stm32.7-2018-q2-update.win32_1.5.0.202011040924/tools/bin/../lib/gcc/arm-none-eabi/7.3.1/../../../../arm-none-eabi/lib/thumb/v7e-m/fpv4-sp/hard\libc_nano.a(lib_a-strlen.o)
                0x0000000008000180                strlen
 .text          0x0000000008000190       0x30 c:/st/stm32cubeide_1.4.0/stm32cubeide/plugins/com.st.stm32cube.ide.mcu.externaltools.gnu-tools-for-stm32.7-2018-q2-update.win32_1.5.0.202011040924/tools/bin/../lib/gcc/arm-none-eabi/7.3.1/thumb/v7e-m/fpv4-sp/hard\libgcc.a(_aeabi_uldivmod.o)
                0x0000000008000190                __aeabi_uldivmod
 .text          0x00000000080001c0      0x2cc c:/st/stm32cubeide_1.4.0/stm32cubeide/plugins/com.st.stm32cube.ide.mcu.externaltools.gnu-tools-for-stm32.7-2018-q2-update.win32_1.5.0.202011040924/tools/bin/../lib/gcc/arm-none-eabi/7.3.1/thumb/v7e-m/fpv4-sp/hard\libgcc.a(_udivmoddi4.o)
                0x00000000080001c0                __udivmoddi4
 .text          0x000000000800048c        0x4 c:/st/stm32cubeide_1.4.0/stm32cubeide/plugins/com.st.stm32cube.ide.mcu.externaltools.gnu-tools-for-stm32.7-2018-q2-update.win32_1.5.0.202011040924/tools/bin/../lib/gcc/arm-none-eabi/7.3.1/thumb/v7e-m/fpv4-sp/hard\libgcc.a(_dvmd_tls.o)
                0x000000000800048c                __aeabi_idiv0
                0x000000000800048c                __aeabi_ldiv0
 *(.text*)
 .text.LL_RCC_SetClkAfterWakeFromStop
                0x0000000008000490       0x28 Core/Src/app_entry.o
 .text.APPE_Init
                0x00000000080004b8       0x1c Core/Src/app_entry.o
                0x00000000080004b8                APPE_Init
 .text.SystemPower_Config
                0x00000000080004d4       0x26 Core/Src/app_entry.o
 *fill*         0x00000000080004fa        0x2 
 .text.appe_Tl_Init
                0x00000000080004fc       0x68 Core/Src/app_entry.o
 .text.APPE_SysStatusNot
                0x0000000008000564       0x16 Core/Src/app_entry.o
 .text.APPE_SysUserEvtRx
                0x000000000800057a       0x20 Core/Src/app_entry.o
 .text.SCH_Idle
                0x000000000800059a        0xe Core/Src/app_entry.o
                0x000000000800059a                SCH_Idle
 .text.SCH_EvtIdle
                0x00000000080005a8       0x18 Core/Src/app_entry.o
                0x00000000080005a8                SCH_EvtIdle
 .text.shci_notify_asynch_evt
                0x00000000080005c0       0x18 Core/Src/app_entry.o
                0x00000000080005c0                shci_notify_asynch_evt
 .text.shci_cmd_resp_release
                0x00000000080005d8       0x16 Core/Src/app_entry.o
                0x00000000080005d8                shci_cmd_resp_release
 .text.shci_cmd_resp_wait
                0x00000000080005ee       0x16 Core/Src/app_entry.o
                0x00000000080005ee                shci_cmd_resp_wait
 .text.LCD_Init
                0x0000000008000604        0xc Core/Src/hal_lcd.o
                0x0000000008000604                LCD_Init
 .text.LCD_BLE_PrintLocalName
                0x0000000008000610       0x40 Core/Src/hal_lcd.o
                0x0000000008000610                LCD_BLE_PrintLocalName
 .text.LCD_BLE_PrintLogo
                0x0000000008000650       0x64 Core/Src/hal_lcd.o
                0x0000000008000650                LCD_BLE_PrintLogo
 .text.LL_EXTI_EnableIT_0_31
                0x00000000080006b4       0x28 Core/Src/hw_timerserver.o
 .text.LL_EXTI_EnableRisingTrig_0_31
                0x00000000080006dc       0x24 Core/Src/hw_timerserver.o
 .text.ReadRtcSsrValue
                0x0000000008000700       0x40 Core/Src/hw_timerserver.o
 .text.LinkTimerAfter
                0x0000000008000740       0x8c Core/Src/hw_timerserver.o
 .text.LinkTimerBefore
                0x00000000080007cc       0xc0 Core/Src/hw_timerserver.o
 .text.linkTimer
                0x000000000800088c      0x154 Core/Src/hw_timerserver.o
 .text.UnlinkTimer
                0x00000000080009e0      0x108 Core/Src/hw_timerserver.o
 .text.ReturnTimeElapsed
                0x0000000008000ae8       0x80 Core/Src/hw_timerserver.o
 .text.RestartWakeupCounter
                0x0000000008000b68       0xbc Core/Src/hw_timerserver.o
 .text.RescheduleTimerList
                0x0000000008000c24      0x13c Core/Src/hw_timerserver.o
 .text.HW_TS_RTC_Wakeup_Handler
                0x0000000008000d60      0x1a0 Core/Src/hw_timerserver.o
                0x0000000008000d60                HW_TS_RTC_Wakeup_Handler
 .text.HW_TS_Init
                0x0000000008000f00      0x1bc Core/Src/hw_timerserver.o
                0x0000000008000f00                HW_TS_Init
 .text.HW_TS_Create
                0x00000000080010bc       0xec Core/Src/hw_timerserver.o
                0x00000000080010bc                HW_TS_Create
 .text.HW_TS_Stop
                0x00000000080011a8      0x114 Core/Src/hw_timerserver.o
                0x00000000080011a8                HW_TS_Stop
 .text.HW_TS_Start
                0x00000000080012bc      0x10c Core/Src/hw_timerserver.o
                0x00000000080012bc                HW_TS_Start
 .text.HW_TS_RTC_Int_AppNot
                0x00000000080013c8       0x1a Core/Src/hw_timerserver.o
                0x00000000080013c8                HW_TS_RTC_Int_AppNot
 .text.LL_RCC_LSE_SetDriveCapability
                0x00000000080013e2       0x2c Core/Src/main.o
 .text.LL_AHB2_GRP1_EnableClock
                0x000000000800140e       0x32 Core/Src/main.o
 .text.main     0x0000000008001440       0x2e Core/Src/main.o
                0x0000000008001440                main
 *fill*         0x000000000800146e        0x2 
 .text.SystemClock_Config
                0x0000000008001470      0x100 Core/Src/main.o
                0x0000000008001470                SystemClock_Config
 .text.MX_I2C3_Init
                0x0000000008001570       0x80 Core/Src/main.o
 .text.MX_RF_Init
                0x00000000080015f0        0xe Core/Src/main.o
 *fill*         0x00000000080015fe        0x2 
 .text.MX_RTC_Init
                0x0000000008001600       0x50 Core/Src/main.o
 .text.MX_USART1_UART_Init
                0x0000000008001650       0x98 Core/Src/main.o
 .text.MX_GPIO_Init
                0x00000000080016e8       0xd0 Core/Src/main.o
 .text.Error_Handler
                0x00000000080017b8        0xe Core/Src/main.o
                0x00000000080017b8                Error_Handler
 *fill*         0x00000000080017c6        0x2 
 .text.SSD1306_Init
                0x00000000080017c8      0x148 Core/Src/ssd1306.o
                0x00000000080017c8                SSD1306_Init
 .text.SSD1306_UpdateScreen
                0x0000000008001910       0x5c Core/Src/ssd1306.o
                0x0000000008001910                SSD1306_UpdateScreen
 .text.SSD1306_Fill
                0x000000000800196c       0x30 Core/Src/ssd1306.o
                0x000000000800196c                SSD1306_Fill
 .text.SSD1306_DrawPixel
                0x000000000800199c       0xc0 Core/Src/ssd1306.o
                0x000000000800199c                SSD1306_DrawPixel
 .text.SSD1306_GotoXY
                0x0000000008001a5c       0x2c Core/Src/ssd1306.o
                0x0000000008001a5c                SSD1306_GotoXY
 .text.SSD1306_Putc
                0x0000000008001a88      0x10c Core/Src/ssd1306.o
                0x0000000008001a88                SSD1306_Putc
 .text.SSD1306_Puts
                0x0000000008001b94       0x4a Core/Src/ssd1306.o
                0x0000000008001b94                SSD1306_Puts
 .text.SSD1306_DrawLine
                0x0000000008001bde      0x1f6 Core/Src/ssd1306.o
                0x0000000008001bde                SSD1306_DrawLine
 .text.SSD1306_DrawFilledRectangle
                0x0000000008001dd4       0x9a Core/Src/ssd1306.o
                0x0000000008001dd4                SSD1306_DrawFilledRectangle
 *fill*         0x0000000008001e6e        0x2 
 .text.ssd1306_I2C_WriteMulti
                0x0000000008001e70       0x6c Core/Src/ssd1306.o
                0x0000000008001e70                ssd1306_I2C_WriteMulti
 .text.ssd1306_I2C_Write
                0x0000000008001edc       0x3c Core/Src/ssd1306.o
                0x0000000008001edc                ssd1306_I2C_Write
 .text.LL_RCC_HSE_SetCapacitorTuning
                0x0000000008001f18       0x3c Core/Src/stm32wbxx_hal_msp.o
 .text.LL_RCC_EnableRTC
                0x0000000008001f54       0x22 Core/Src/stm32wbxx_hal_msp.o
 .text.LL_AHB2_GRP1_EnableClock
                0x0000000008001f76       0x32 Core/Src/stm32wbxx_hal_msp.o
 .text.LL_AHB3_GRP1_EnableClock
                0x0000000008001fa8       0x32 Core/Src/stm32wbxx_hal_msp.o
 .text.LL_APB1_GRP1_EnableClock
                0x0000000008001fda       0x32 Core/Src/stm32wbxx_hal_msp.o
 .text.LL_APB2_GRP1_EnableClock
                0x000000000800200c       0x32 Core/Src/stm32wbxx_hal_msp.o
 .text.HAL_MspInit
                0x000000000800203e       0x2e Core/Src/stm32wbxx_hal_msp.o
                0x000000000800203e                HAL_MspInit
 .text.HAL_I2C_MspInit
                0x000000000800206c       0x60 Core/Src/stm32wbxx_hal_msp.o
                0x000000000800206c                HAL_I2C_MspInit
 .text.HAL_RTC_MspInit
                0x00000000080020cc       0x24 Core/Src/stm32wbxx_hal_msp.o
                0x00000000080020cc                HAL_RTC_MspInit
 .text.HAL_UART_MspInit
                0x00000000080020f0       0x60 Core/Src/stm32wbxx_hal_msp.o
                0x00000000080020f0                HAL_UART_MspInit
 .text.NMI_Handler
                0x0000000008002150        0xe Core/Src/stm32wbxx_it.o
                0x0000000008002150                NMI_Handler
 .text.HardFault_Handler
                0x000000000800215e        0x6 Core/Src/stm32wbxx_it.o
                0x000000000800215e                HardFault_Handler
 .text.MemManage_Handler
                0x0000000008002164        0x6 Core/Src/stm32wbxx_it.o
                0x0000000008002164                MemManage_Handler
 .text.BusFault_Handler
                0x000000000800216a        0x6 Core/Src/stm32wbxx_it.o
                0x000000000800216a                BusFault_Handler
 .text.UsageFault_Handler
                0x0000000008002170        0x6 Core/Src/stm32wbxx_it.o
                0x0000000008002170                UsageFault_Handler
 .text.SVC_Handler
                0x0000000008002176        0xe Core/Src/stm32wbxx_it.o
                0x0000000008002176                SVC_Handler
 .text.DebugMon_Handler
                0x0000000008002184        0xe Core/Src/stm32wbxx_it.o
                0x0000000008002184                DebugMon_Handler
 .text.PendSV_Handler
                0x0000000008002192        0xe Core/Src/stm32wbxx_it.o
                0x0000000008002192                PendSV_Handler
 .text.SysTick_Handler
                0x00000000080021a0        0xc Core/Src/stm32wbxx_it.o
                0x00000000080021a0                SysTick_Handler
 .text.EXTI4_IRQHandler
                0x00000000080021ac        0xe Core/Src/stm32wbxx_it.o
                0x00000000080021ac                EXTI4_IRQHandler
 .text.RTC_WKUP_IRQHandler
                0x00000000080021ba        0xc Core/Src/stm32wbxx_it.o
                0x00000000080021ba                RTC_WKUP_IRQHandler
 .text.IPCC_C1_RX_IRQHandler
                0x00000000080021c6        0xc Core/Src/stm32wbxx_it.o
                0x00000000080021c6                IPCC_C1_RX_IRQHandler
 .text.IPCC_C1_TX_IRQHandler
                0x00000000080021d2        0xc Core/Src/stm32wbxx_it.o
                0x00000000080021d2                IPCC_C1_TX_IRQHandler
 *fill*         0x00000000080021de        0x2 
 .text.SystemInit
                0x00000000080021e0       0xac Core/Src/system_stm32wbxx.o
                0x00000000080021e0                SystemInit
 .text.SystemCoreClockUpdate
                0x000000000800228c      0x144 Core/Src/system_stm32wbxx.o
                0x000000000800228c                SystemCoreClockUpdate
 .text.Reset_Handler
                0x00000000080023d0       0x50 Core/Startup/startup_stm32wb55rgvx.o
                0x00000000080023d0                Reset_Handler
 .text.Default_Handler
                0x0000000008002420        0x2 Core/Startup/startup_stm32wb55rgvx.o
                0x0000000008002420                RTC_Alarm_IRQHandler
                0x0000000008002420                EXTI2_IRQHandler
                0x0000000008002420                TIM1_CC_IRQHandler
                0x0000000008002420                TSC_IRQHandler
                0x0000000008002420                USB_HP_IRQHandler
                0x0000000008002420                EXTI3_IRQHandler
                0x0000000008002420                LPTIM2_IRQHandler
                0x0000000008002420                I2C3_ER_IRQHandler
                0x0000000008002420                EXTI0_IRQHandler
                0x0000000008002420                FPU_IRQHandler
                0x0000000008002420                TIM1_UP_TIM16_IRQHandler
                0x0000000008002420                AES1_IRQHandler
                0x0000000008002420                SPI1_IRQHandler
                0x0000000008002420                PWR_SOTF_BLEACT_802ACT_RFPHASE_IRQHandler
                0x0000000008002420                DMA2_Channel2_IRQHandler
                0x0000000008002420                DMA1_Channel4_IRQHandler
                0x0000000008002420                ADC1_IRQHandler
                0x0000000008002420                PKA_IRQHandler
                0x0000000008002420                DMA1_Channel7_IRQHandler
                0x0000000008002420                LCD_IRQHandler
                0x0000000008002420                DMA2_Channel1_IRQHandler
                0x0000000008002420                QUADSPI_IRQHandler
                0x0000000008002420                I2C1_EV_IRQHandler
                0x0000000008002420                DMAMUX1_OVR_IRQHandler
                0x0000000008002420                DMA1_Channel6_IRQHandler
                0x0000000008002420                DMA2_Channel4_IRQHandler
                0x0000000008002420                RCC_IRQHandler
                0x0000000008002420                DMA1_Channel1_IRQHandler
                0x0000000008002420                Default_Handler
                0x0000000008002420                DMA2_Channel7_IRQHandler
                0x0000000008002420                EXTI15_10_IRQHandler
                0x0000000008002420                C2SEV_PWR_C2H_IRQHandler
                0x0000000008002420                AES2_IRQHandler
                0x0000000008002420                I2C3_EV_IRQHandler
                0x0000000008002420                EXTI9_5_IRQHandler
                0x0000000008002420                PVD_PVM_IRQHandler
                0x0000000008002420                SPI2_IRQHandler
                0x0000000008002420                DMA2_Channel5_IRQHandler
                0x0000000008002420                CRS_IRQHandler
                0x0000000008002420                DMA1_Channel5_IRQHandler
                0x0000000008002420                USB_LP_IRQHandler
                0x0000000008002420                RNG_IRQHandler
                0x0000000008002420                TIM1_TRG_COM_TIM17_IRQHandler
                0x0000000008002420                TAMP_STAMP_LSECSS_IRQHandler
                0x0000000008002420                DMA1_Channel3_IRQHandler
                0x0000000008002420                COMP_IRQHandler
                0x0000000008002420                HSEM_IRQHandler
                0x0000000008002420                WWDG_IRQHandler
                0x0000000008002420                LPUART1_IRQHandler
                0x0000000008002420                DMA2_Channel6_IRQHandler
                0x0000000008002420                TIM2_IRQHandler
                0x0000000008002420                TIM1_BRK_IRQHandler
                0x0000000008002420                EXTI1_IRQHandler
                0x0000000008002420                DMA1_Channel2_IRQHandler
                0x0000000008002420                FLASH_IRQHandler
                0x0000000008002420                USART1_IRQHandler
                0x0000000008002420                I2C1_ER_IRQHandler
                0x0000000008002420                LPTIM1_IRQHandler
                0x0000000008002420                SAI1_IRQHandler
                0x0000000008002420                DMA2_Channel3_IRQHandler
 *fill*         0x0000000008002422        0x2 
 .text.HAL_Init
                0x0000000008002424       0x40 Drivers/STM32WBxx_HAL_Driver/Src/stm32wbxx_hal.o
                0x0000000008002424                HAL_Init
 .text.HAL_InitTick
                0x0000000008002464       0x74 Drivers/STM32WBxx_HAL_Driver/Src/stm32wbxx_hal.o
                0x0000000008002464                HAL_InitTick
 .text.HAL_IncTick
                0x00000000080024d8       0x24 Drivers/STM32WBxx_HAL_Driver/Src/stm32wbxx_hal.o
                0x00000000080024d8                HAL_IncTick
 .text.HAL_GetTick
                0x00000000080024fc       0x18 Drivers/STM32WBxx_HAL_Driver/Src/stm32wbxx_hal.o
                0x00000000080024fc                HAL_GetTick
 .text.HAL_GetTickPrio
                0x0000000008002514       0x18 Drivers/STM32WBxx_HAL_Driver/Src/stm32wbxx_hal.o
                0x0000000008002514                HAL_GetTickPrio
 .text.HAL_Delay
                0x000000000800252c       0x44 Drivers/STM32WBxx_HAL_Driver/Src/stm32wbxx_hal.o
                0x000000000800252c                HAL_Delay
 .text.NVIC_SetPriorityGrouping
                0x0000000008002570       0x48 Drivers/STM32WBxx_HAL_Driver/Src/stm32wbxx_hal_cortex.o
 .text.NVIC_GetPriorityGrouping
                0x00000000080025b8       0x1c Drivers/STM32WBxx_HAL_Driver/Src/stm32wbxx_hal_cortex.o
 .text.NVIC_EnableIRQ
                0x00000000080025d4       0x34 Drivers/STM32WBxx_HAL_Driver/Src/stm32wbxx_hal_cortex.o
 .text.NVIC_DisableIRQ
                0x0000000008002608       0x34 Drivers/STM32WBxx_HAL_Driver/Src/stm32wbxx_hal_cortex.o
 .text.NVIC_SetPendingIRQ
                0x000000000800263c       0x34 Drivers/STM32WBxx_HAL_Driver/Src/stm32wbxx_hal_cortex.o
 .text.NVIC_ClearPendingIRQ
                0x0000000008002670       0x34 Drivers/STM32WBxx_HAL_Driver/Src/stm32wbxx_hal_cortex.o
 .text.NVIC_SetPriority
                0x00000000080026a4       0x54 Drivers/STM32WBxx_HAL_Driver/Src/stm32wbxx_hal_cortex.o
 .text.NVIC_EncodePriority
                0x00000000080026f8       0x66 Drivers/STM32WBxx_HAL_Driver/Src/stm32wbxx_hal_cortex.o
 *fill*         0x000000000800275e        0x2 
 .text.SysTick_Config
                0x0000000008002760       0x44 Drivers/STM32WBxx_HAL_Driver/Src/stm32wbxx_hal_cortex.o
 .text.HAL_NVIC_SetPriorityGrouping
                0x00000000080027a4       0x16 Drivers/STM32WBxx_HAL_Driver/Src/stm32wbxx_hal_cortex.o
                0x00000000080027a4                HAL_NVIC_SetPriorityGrouping
 .text.HAL_NVIC_SetPriority
                0x00000000080027ba       0x34 Drivers/STM32WBxx_HAL_Driver/Src/stm32wbxx_hal_cortex.o
                0x00000000080027ba                HAL_NVIC_SetPriority
 .text.HAL_NVIC_EnableIRQ
                0x00000000080027ee       0x1c Drivers/STM32WBxx_HAL_Driver/Src/stm32wbxx_hal_cortex.o
                0x00000000080027ee                HAL_NVIC_EnableIRQ
 .text.HAL_NVIC_DisableIRQ
                0x000000000800280a       0x1c Drivers/STM32WBxx_HAL_Driver/Src/stm32wbxx_hal_cortex.o
                0x000000000800280a                HAL_NVIC_DisableIRQ
 .text.HAL_SYSTICK_Config
                0x0000000008002826       0x18 Drivers/STM32WBxx_HAL_Driver/Src/stm32wbxx_hal_cortex.o
                0x0000000008002826                HAL_SYSTICK_Config
 .text.HAL_NVIC_SetPendingIRQ
                0x000000000800283e       0x1c Drivers/STM32WBxx_HAL_Driver/Src/stm32wbxx_hal_cortex.o
                0x000000000800283e                HAL_NVIC_SetPendingIRQ
 .text.HAL_NVIC_ClearPendingIRQ
                0x000000000800285a       0x1c Drivers/STM32WBxx_HAL_Driver/Src/stm32wbxx_hal_cortex.o
                0x000000000800285a                HAL_NVIC_ClearPendingIRQ
 *fill*         0x0000000008002876        0x2 
 .text.HAL_GPIO_Init
                0x0000000008002878      0x2e0 Drivers/STM32WBxx_HAL_Driver/Src/stm32wbxx_hal_gpio.o
                0x0000000008002878                HAL_GPIO_Init
 .text.HAL_GPIO_WritePin
                0x0000000008002b58       0x30 Drivers/STM32WBxx_HAL_Driver/Src/stm32wbxx_hal_gpio.o
                0x0000000008002b58                HAL_GPIO_WritePin
 .text.HAL_GPIO_EXTI_IRQHandler
                0x0000000008002b88       0x30 Drivers/STM32WBxx_HAL_Driver/Src/stm32wbxx_hal_gpio.o
                0x0000000008002b88                HAL_GPIO_EXTI_IRQHandler
 .text.HAL_GPIO_EXTI_Callback
                0x0000000008002bb8       0x16 Drivers/STM32WBxx_HAL_Driver/Src/stm32wbxx_hal_gpio.o
                0x0000000008002bb8                HAL_GPIO_EXTI_Callback
 .text.HAL_I2C_Init
                0x0000000008002bce      0x11e Drivers/STM32WBxx_HAL_Driver/Src/stm32wbxx_hal_i2c.o
                0x0000000008002bce                HAL_I2C_Init
 .text.HAL_I2C_Master_Transmit
                0x0000000008002cec      0x1e8 Drivers/STM32WBxx_HAL_Driver/Src/stm32wbxx_hal_i2c.o
                0x0000000008002cec                HAL_I2C_Master_Transmit
 .text.HAL_I2C_IsDeviceReady
                0x0000000008002ed4      0x20e Drivers/STM32WBxx_HAL_Driver/Src/stm32wbxx_hal_i2c.o
                0x0000000008002ed4                HAL_I2C_IsDeviceReady
 .text.I2C_Flush_TXDR
                0x00000000080030e2       0x48 Drivers/STM32WBxx_HAL_Driver/Src/stm32wbxx_hal_i2c.o
 .text.I2C_WaitOnFlagUntilTimeout
                0x000000000800312a       0x80 Drivers/STM32WBxx_HAL_Driver/Src/stm32wbxx_hal_i2c.o
 .text.I2C_WaitOnTXISFlagUntilTimeout
                0x00000000080031aa       0x80 Drivers/STM32WBxx_HAL_Driver/Src/stm32wbxx_hal_i2c.o
 .text.I2C_WaitOnSTOPFlagUntilTimeout
                0x000000000800322a       0x78 Drivers/STM32WBxx_HAL_Driver/Src/stm32wbxx_hal_i2c.o
 *fill*         0x00000000080032a2        0x2 
 .text.I2C_IsAcknowledgeFailed
                0x00000000080032a4       0xcc Drivers/STM32WBxx_HAL_Driver/Src/stm32wbxx_hal_i2c.o
 .text.I2C_TransferConfig
                0x0000000008003370       0x5c Drivers/STM32WBxx_HAL_Driver/Src/stm32wbxx_hal_i2c.o
 .text.HAL_I2CEx_ConfigAnalogFilter
                0x00000000080033cc       0x96 Drivers/STM32WBxx_HAL_Driver/Src/stm32wbxx_hal_i2c_ex.o
                0x00000000080033cc                HAL_I2CEx_ConfigAnalogFilter
 .text.HAL_I2CEx_ConfigDigitalFilter
                0x0000000008003462       0x98 Drivers/STM32WBxx_HAL_Driver/Src/stm32wbxx_hal_i2c_ex.o
                0x0000000008003462                HAL_I2CEx_ConfigDigitalFilter
 *fill*         0x00000000080034fa        0x2 
 .text.HAL_PWR_EnableBkUpAccess
                0x00000000080034fc       0x20 Drivers/STM32WBxx_HAL_Driver/Src/stm32wbxx_hal_pwr.o
                0x00000000080034fc                HAL_PWR_EnableBkUpAccess
 .text.HAL_PWREx_GetVoltageRange
                0x000000000800351c       0x1c Drivers/STM32WBxx_HAL_Driver/Src/stm32wbxx_hal_pwr_ex.o
                0x000000000800351c                HAL_PWREx_GetVoltageRange
 .text.LL_RCC_HSE_IsEnabledDiv2
                0x0000000008003538       0x24 Drivers/STM32WBxx_HAL_Driver/Src/stm32wbxx_hal_rcc.o
 .text.LL_RCC_HSE_EnableBypass
                0x000000000800355c       0x1e Drivers/STM32WBxx_HAL_Driver/Src/stm32wbxx_hal_rcc.o
 .text.LL_RCC_HSE_DisableBypass
                0x000000000800357a       0x1e Drivers/STM32WBxx_HAL_Driver/Src/stm32wbxx_hal_rcc.o
 .text.LL_RCC_HSE_Enable
                0x0000000008003598       0x1e Drivers/STM32WBxx_HAL_Driver/Src/stm32wbxx_hal_rcc.o
 .text.LL_RCC_HSE_Disable
                0x00000000080035b6       0x1e Drivers/STM32WBxx_HAL_Driver/Src/stm32wbxx_hal_rcc.o
 .text.LL_RCC_HSE_IsReady
                0x00000000080035d4       0x24 Drivers/STM32WBxx_HAL_Driver/Src/stm32wbxx_hal_rcc.o
 .text.LL_RCC_HSI_Enable
                0x00000000080035f8       0x1e Drivers/STM32WBxx_HAL_Driver/Src/stm32wbxx_hal_rcc.o
 .text.LL_RCC_HSI_Disable
                0x0000000008003616       0x1e Drivers/STM32WBxx_HAL_Driver/Src/stm32wbxx_hal_rcc.o
 .text.LL_RCC_HSI_IsReady
                0x0000000008003634       0x24 Drivers/STM32WBxx_HAL_Driver/Src/stm32wbxx_hal_rcc.o
 .text.LL_RCC_HSI_SetCalibTrimming
                0x0000000008003658       0x2a Drivers/STM32WBxx_HAL_Driver/Src/stm32wbxx_hal_rcc.o
 .text.LL_RCC_HSI48_Enable
                0x0000000008003682       0x22 Drivers/STM32WBxx_HAL_Driver/Src/stm32wbxx_hal_rcc.o
 .text.LL_RCC_HSI48_Disable
                0x00000000080036a4       0x22 Drivers/STM32WBxx_HAL_Driver/Src/stm32wbxx_hal_rcc.o
 .text.LL_RCC_HSI48_IsReady
                0x00000000080036c6       0x24 Drivers/STM32WBxx_HAL_Driver/Src/stm32wbxx_hal_rcc.o
 .text.LL_RCC_LSE_Enable
                0x00000000080036ea       0x22 Drivers/STM32WBxx_HAL_Driver/Src/stm32wbxx_hal_rcc.o
 .text.LL_RCC_LSE_Disable
                0x000000000800370c       0x22 Drivers/STM32WBxx_HAL_Driver/Src/stm32wbxx_hal_rcc.o
 .text.LL_RCC_LSE_EnableBypass
                0x000000000800372e       0x22 Drivers/STM32WBxx_HAL_Driver/Src/stm32wbxx_hal_rcc.o
 .text.LL_RCC_LSE_DisableBypass
                0x0000000008003750       0x22 Drivers/STM32WBxx_HAL_Driver/Src/stm32wbxx_hal_rcc.o
 .text.LL_RCC_LSE_IsReady
                0x0000000008003772       0x24 Drivers/STM32WBxx_HAL_Driver/Src/stm32wbxx_hal_rcc.o
 .text.LL_RCC_LSI1_Enable
                0x0000000008003796       0x22 Drivers/STM32WBxx_HAL_Driver/Src/stm32wbxx_hal_rcc.o
 .text.LL_RCC_LSI1_Disable
                0x00000000080037b8       0x22 Drivers/STM32WBxx_HAL_Driver/Src/stm32wbxx_hal_rcc.o
 .text.LL_RCC_LSI1_IsReady
                0x00000000080037da       0x24 Drivers/STM32WBxx_HAL_Driver/Src/stm32wbxx_hal_rcc.o
 .text.LL_RCC_LSI2_Enable
                0x00000000080037fe       0x22 Drivers/STM32WBxx_HAL_Driver/Src/stm32wbxx_hal_rcc.o
 .text.LL_RCC_LSI2_Disable
                0x0000000008003820       0x22 Drivers/STM32WBxx_HAL_Driver/Src/stm32wbxx_hal_rcc.o
 .text.LL_RCC_LSI2_IsReady
                0x0000000008003842       0x24 Drivers/STM32WBxx_HAL_Driver/Src/stm32wbxx_hal_rcc.o
 .text.LL_RCC_LSI2_SetTrimming
                0x0000000008003866       0x2e Drivers/STM32WBxx_HAL_Driver/Src/stm32wbxx_hal_rcc.o
 .text.LL_RCC_MSI_Enable
                0x0000000008003894       0x1e Drivers/STM32WBxx_HAL_Driver/Src/stm32wbxx_hal_rcc.o
 .text.LL_RCC_MSI_Disable
                0x00000000080038b2       0x1e Drivers/STM32WBxx_HAL_Driver/Src/stm32wbxx_hal_rcc.o
 .text.LL_RCC_MSI_IsReady
                0x00000000080038d0       0x22 Drivers/STM32WBxx_HAL_Driver/Src/stm32wbxx_hal_rcc.o
 .text.LL_RCC_MSI_SetRange
                0x00000000080038f2       0x28 Drivers/STM32WBxx_HAL_Driver/Src/stm32wbxx_hal_rcc.o
 .text.LL_RCC_MSI_GetRange
                0x000000000800391a       0x2a Drivers/STM32WBxx_HAL_Driver/Src/stm32wbxx_hal_rcc.o
 .text.LL_RCC_MSI_SetCalibTrimming
                0x0000000008003944       0x2a Drivers/STM32WBxx_HAL_Driver/Src/stm32wbxx_hal_rcc.o
 .text.LL_RCC_SetSysClkSource
                0x000000000800396e       0x28 Drivers/STM32WBxx_HAL_Driver/Src/stm32wbxx_hal_rcc.o
 .text.LL_RCC_GetSysClkSource
                0x0000000008003996       0x18 Drivers/STM32WBxx_HAL_Driver/Src/stm32wbxx_hal_rcc.o
 .text.LL_RCC_SetAHBPrescaler
                0x00000000080039ae       0x28 Drivers/STM32WBxx_HAL_Driver/Src/stm32wbxx_hal_rcc.o
 .text.LL_C2_RCC_SetAHBPrescaler
                0x00000000080039d6       0x2c Drivers/STM32WBxx_HAL_Driver/Src/stm32wbxx_hal_rcc.o
 .text.LL_RCC_SetAHB4Prescaler
                0x0000000008003a02       0x2e Drivers/STM32WBxx_HAL_Driver/Src/stm32wbxx_hal_rcc.o
 .text.LL_RCC_SetAPB1Prescaler
                0x0000000008003a30       0x28 Drivers/STM32WBxx_HAL_Driver/Src/stm32wbxx_hal_rcc.o
 .text.LL_RCC_SetAPB2Prescaler
                0x0000000008003a58       0x28 Drivers/STM32WBxx_HAL_Driver/Src/stm32wbxx_hal_rcc.o
 .text.LL_RCC_GetAHBPrescaler
                0x0000000008003a80       0x18 Drivers/STM32WBxx_HAL_Driver/Src/stm32wbxx_hal_rcc.o
 .text.LL_RCC_GetAHB4Prescaler
                0x0000000008003a98       0x1c Drivers/STM32WBxx_HAL_Driver/Src/stm32wbxx_hal_rcc.o
 .text.LL_RCC_GetAPB1Prescaler
                0x0000000008003ab4       0x18 Drivers/STM32WBxx_HAL_Driver/Src/stm32wbxx_hal_rcc.o
 .text.LL_RCC_GetAPB2Prescaler
                0x0000000008003acc       0x18 Drivers/STM32WBxx_HAL_Driver/Src/stm32wbxx_hal_rcc.o
 .text.LL_RCC_PLL_Enable
                0x0000000008003ae4       0x1e Drivers/STM32WBxx_HAL_Driver/Src/stm32wbxx_hal_rcc.o
 .text.LL_RCC_PLL_Disable
                0x0000000008003b02       0x1e Drivers/STM32WBxx_HAL_Driver/Src/stm32wbxx_hal_rcc.o
 .text.LL_RCC_PLL_IsReady
                0x0000000008003b20       0x24 Drivers/STM32WBxx_HAL_Driver/Src/stm32wbxx_hal_rcc.o
 .text.LL_RCC_PLL_GetN
                0x0000000008003b44       0x1a Drivers/STM32WBxx_HAL_Driver/Src/stm32wbxx_hal_rcc.o
 .text.LL_RCC_PLL_GetR
                0x0000000008003b5e       0x18 Drivers/STM32WBxx_HAL_Driver/Src/stm32wbxx_hal_rcc.o
 .text.LL_RCC_PLL_GetDivider
                0x0000000008003b76       0x18 Drivers/STM32WBxx_HAL_Driver/Src/stm32wbxx_hal_rcc.o
 .text.LL_RCC_PLL_GetMainSource
                0x0000000008003b8e       0x18 Drivers/STM32WBxx_HAL_Driver/Src/stm32wbxx_hal_rcc.o
 .text.LL_RCC_IsActiveFlag_HPRE
                0x0000000008003ba6       0x24 Drivers/STM32WBxx_HAL_Driver/Src/stm32wbxx_hal_rcc.o
 .text.LL_RCC_IsActiveFlag_C2HPRE
                0x0000000008003bca       0x26 Drivers/STM32WBxx_HAL_Driver/Src/stm32wbxx_hal_rcc.o
 .text.LL_RCC_IsActiveFlag_SHDHPRE
                0x0000000008003bf0       0x26 Drivers/STM32WBxx_HAL_Driver/Src/stm32wbxx_hal_rcc.o
 .text.LL_RCC_IsActiveFlag_PPRE1
                0x0000000008003c16       0x24 Drivers/STM32WBxx_HAL_Driver/Src/stm32wbxx_hal_rcc.o
 .text.LL_RCC_IsActiveFlag_PPRE2
                0x0000000008003c3a       0x24 Drivers/STM32WBxx_HAL_Driver/Src/stm32wbxx_hal_rcc.o
 *fill*         0x0000000008003c5e        0x2 
 .text.HAL_RCC_OscConfig
                0x0000000008003c60      0x6a4 Drivers/STM32WBxx_HAL_Driver/Src/stm32wbxx_hal_rcc.o
                0x0000000008003c60                HAL_RCC_OscConfig
 .text.HAL_RCC_ClockConfig
                0x0000000008004304      0x278 Drivers/STM32WBxx_HAL_Driver/Src/stm32wbxx_hal_rcc.o
                0x0000000008004304                HAL_RCC_ClockConfig
 .text.HAL_RCC_GetSysClockFreq
                0x000000000800457c       0xd4 Drivers/STM32WBxx_HAL_Driver/Src/stm32wbxx_hal_rcc.o
                0x000000000800457c                HAL_RCC_GetSysClockFreq
 .text.HAL_RCC_GetHCLKFreq
                0x0000000008004650       0x28 Drivers/STM32WBxx_HAL_Driver/Src/stm32wbxx_hal_rcc.o
                0x0000000008004650                HAL_RCC_GetHCLKFreq
 .text.HAL_RCC_GetPCLK1Freq
                0x0000000008004678       0x2c Drivers/STM32WBxx_HAL_Driver/Src/stm32wbxx_hal_rcc.o
                0x0000000008004678                HAL_RCC_GetPCLK1Freq
 .text.HAL_RCC_GetPCLK2Freq
                0x00000000080046a4       0x2c Drivers/STM32WBxx_HAL_Driver/Src/stm32wbxx_hal_rcc.o
                0x00000000080046a4                HAL_RCC_GetPCLK2Freq
 .text.RCC_SetFlashLatencyFromMSIRange
                0x00000000080046d0       0x70 Drivers/STM32WBxx_HAL_Driver/Src/stm32wbxx_hal_rcc.o
 .text.RCC_SetFlashLatency
                0x0000000008004740      0x100 Drivers/STM32WBxx_HAL_Driver/Src/stm32wbxx_hal_rcc.o
 .text.LL_RCC_LSE_IsEnabled
                0x0000000008004840       0x24 Drivers/STM32WBxx_HAL_Driver/Src/stm32wbxx_hal_rcc_ex.o
 .text.LL_RCC_LSE_IsReady
                0x0000000008004864       0x24 Drivers/STM32WBxx_HAL_Driver/Src/stm32wbxx_hal_rcc_ex.o
 .text.LL_RCC_SetRFWKPClockSource
                0x0000000008004888       0x2c Drivers/STM32WBxx_HAL_Driver/Src/stm32wbxx_hal_rcc_ex.o
 .text.LL_RCC_SetSMPSClockSource
                0x00000000080048b4       0x28 Drivers/STM32WBxx_HAL_Driver/Src/stm32wbxx_hal_rcc_ex.o
 .text.LL_RCC_SetSMPSPrescaler
                0x00000000080048dc       0x28 Drivers/STM32WBxx_HAL_Driver/Src/stm32wbxx_hal_rcc_ex.o
 .text.LL_RCC_SetUSARTClockSource
                0x0000000008004904       0x2c Drivers/STM32WBxx_HAL_Driver/Src/stm32wbxx_hal_rcc_ex.o
 .text.LL_RCC_SetLPUARTClockSource
                0x0000000008004930       0x2c Drivers/STM32WBxx_HAL_Driver/Src/stm32wbxx_hal_rcc_ex.o
 .text.LL_RCC_SetI2CClockSource
                0x000000000800495c       0x3a Drivers/STM32WBxx_HAL_Driver/Src/stm32wbxx_hal_rcc_ex.o
 .text.LL_RCC_SetLPTIMClockSource
                0x0000000008004996       0x34 Drivers/STM32WBxx_HAL_Driver/Src/stm32wbxx_hal_rcc_ex.o
 .text.LL_RCC_SetSAIClockSource
                0x00000000080049ca       0x2c Drivers/STM32WBxx_HAL_Driver/Src/stm32wbxx_hal_rcc_ex.o
 .text.LL_RCC_SetRNGClockSource
                0x00000000080049f6       0x2c Drivers/STM32WBxx_HAL_Driver/Src/stm32wbxx_hal_rcc_ex.o
 .text.LL_RCC_SetCLK48ClockSource
                0x0000000008004a22       0x2c Drivers/STM32WBxx_HAL_Driver/Src/stm32wbxx_hal_rcc_ex.o
 .text.LL_RCC_SetUSBClockSource
                0x0000000008004a4e       0x16 Drivers/STM32WBxx_HAL_Driver/Src/stm32wbxx_hal_rcc_ex.o
 .text.LL_RCC_SetADCClockSource
                0x0000000008004a64       0x2c Drivers/STM32WBxx_HAL_Driver/Src/stm32wbxx_hal_rcc_ex.o
 .text.LL_RCC_SetRTCClockSource
                0x0000000008004a90       0x2c Drivers/STM32WBxx_HAL_Driver/Src/stm32wbxx_hal_rcc_ex.o
 .text.LL_RCC_GetRTCClockSource
                0x0000000008004abc       0x1a Drivers/STM32WBxx_HAL_Driver/Src/stm32wbxx_hal_rcc_ex.o
 .text.LL_RCC_ForceBackupDomainReset
                0x0000000008004ad6       0x22 Drivers/STM32WBxx_HAL_Driver/Src/stm32wbxx_hal_rcc_ex.o
 .text.LL_RCC_ReleaseBackupDomainReset
                0x0000000008004af8       0x22 Drivers/STM32WBxx_HAL_Driver/Src/stm32wbxx_hal_rcc_ex.o
 .text.LL_RCC_PLLSAI1_Enable
                0x0000000008004b1a       0x1e Drivers/STM32WBxx_HAL_Driver/Src/stm32wbxx_hal_rcc_ex.o
 .text.LL_RCC_PLLSAI1_Disable
                0x0000000008004b38       0x1e Drivers/STM32WBxx_HAL_Driver/Src/stm32wbxx_hal_rcc_ex.o
 .text.LL_RCC_PLLSAI1_IsReady
                0x0000000008004b56       0x24 Drivers/STM32WBxx_HAL_Driver/Src/stm32wbxx_hal_rcc_ex.o
 .text.HAL_RCCEx_PeriphCLKConfig
                0x0000000008004b7a      0x29c Drivers/STM32WBxx_HAL_Driver/Src/stm32wbxx_hal_rcc_ex.o
                0x0000000008004b7a                HAL_RCCEx_PeriphCLKConfig
 .text.RCCEx_PLLSAI1_ConfigNP
                0x0000000008004e16       0xb6 Drivers/STM32WBxx_HAL_Driver/Src/stm32wbxx_hal_rcc_ex.o
 .text.RCCEx_PLLSAI1_ConfigNQ
                0x0000000008004ecc       0xb6 Drivers/STM32WBxx_HAL_Driver/Src/stm32wbxx_hal_rcc_ex.o
 .text.RCCEx_PLLSAI1_ConfigNR
                0x0000000008004f82       0xb6 Drivers/STM32WBxx_HAL_Driver/Src/stm32wbxx_hal_rcc_ex.o
 .text.HAL_RTC_Init
                0x0000000008005038      0x13c Drivers/STM32WBxx_HAL_Driver/Src/stm32wbxx_hal_rtc.o
                0x0000000008005038                HAL_RTC_Init
 .text.HAL_RTC_WaitForSynchro
                0x0000000008005174       0x4c Drivers/STM32WBxx_HAL_Driver/Src/stm32wbxx_hal_rtc.o
                0x0000000008005174                HAL_RTC_WaitForSynchro
 .text.RTC_EnterInitMode
                0x00000000080051c0       0x54 Drivers/STM32WBxx_HAL_Driver/Src/stm32wbxx_hal_rtc.o
                0x00000000080051c0                RTC_EnterInitMode
 .text.LL_RCC_GetUSARTClockSource
                0x0000000008005214       0x20 Drivers/STM32WBxx_HAL_Driver/Src/stm32wbxx_hal_uart.o
 .text.LL_RCC_GetLPUARTClockSource
                0x0000000008005234       0x20 Drivers/STM32WBxx_HAL_Driver/Src/stm32wbxx_hal_uart.o
 .text.HAL_UART_Init
                0x0000000008005254       0xa0 Drivers/STM32WBxx_HAL_Driver/Src/stm32wbxx_hal_uart.o
                0x0000000008005254                HAL_UART_Init
 *fill*         0x00000000080052f4        0x4 
 .text.UART_SetConfig
                0x00000000080052f8     0x10a0 Drivers/STM32WBxx_HAL_Driver/Src/stm32wbxx_hal_uart.o
                0x00000000080052f8                UART_SetConfig
 .text.UART_AdvFeatureConfig
                0x0000000008006398      0x144 Drivers/STM32WBxx_HAL_Driver/Src/stm32wbxx_hal_uart.o
                0x0000000008006398                UART_AdvFeatureConfig
 .text.UART_CheckIdleState
                0x00000000080064dc       0x90 Drivers/STM32WBxx_HAL_Driver/Src/stm32wbxx_hal_uart.o
                0x00000000080064dc                UART_CheckIdleState
 .text.UART_WaitOnFlagUntilTimeout
                0x000000000800656c       0x94 Drivers/STM32WBxx_HAL_Driver/Src/stm32wbxx_hal_uart.o
                0x000000000800656c                UART_WaitOnFlagUntilTimeout
 .text.HAL_UARTEx_DisableFifoMode
                0x0000000008006600       0x72 Drivers/STM32WBxx_HAL_Driver/Src/stm32wbxx_hal_uart_ex.o
                0x0000000008006600                HAL_UARTEx_DisableFifoMode
 .text.HAL_UARTEx_SetTxFifoThreshold
                0x0000000008006672       0x7c Drivers/STM32WBxx_HAL_Driver/Src/stm32wbxx_hal_uart_ex.o
                0x0000000008006672                HAL_UARTEx_SetTxFifoThreshold
 .text.HAL_UARTEx_SetRxFifoThreshold
                0x00000000080066ee       0x7c Drivers/STM32WBxx_HAL_Driver/Src/stm32wbxx_hal_uart_ex.o
                0x00000000080066ee                HAL_UARTEx_SetRxFifoThreshold
 *fill*         0x000000000800676a        0x2 
 .text.UARTEx_SetNbDataToProcess
                0x000000000800676c       0xd0 Drivers/STM32WBxx_HAL_Driver/Src/stm32wbxx_hal_uart_ex.o
 .text.PeerToPeer_Event_Handler
                0x000000000800683c       0xc4 Middlewares/ST/STM32_WPAN/ble/core/Src/blesvc/p2p_stm.o
 .text.P2PS_STM_Init
                0x0000000008006900      0x140 Middlewares/ST/STM32_WPAN/ble/core/Src/blesvc/p2p_stm.o
                0x0000000008006900                P2PS_STM_Init
 .text.BLS_Init
                0x0000000008006a40        0xe Middlewares/ST/STM32_WPAN/ble/core/Src/blesvc/svc_ctl.o
                0x0000000008006a40                BLS_Init
 .text.CRS_STM_Init
                0x0000000008006a4e        0xe Middlewares/ST/STM32_WPAN/ble/core/Src/blesvc/svc_ctl.o
                0x0000000008006a4e                CRS_STM_Init
 .text.DIS_Init
                0x0000000008006a5c        0xe Middlewares/ST/STM32_WPAN/ble/core/Src/blesvc/svc_ctl.o
                0x0000000008006a5c                DIS_Init
 .text.EDS_STM_Init
                0x0000000008006a6a        0xe Middlewares/ST/STM32_WPAN/ble/core/Src/blesvc/svc_ctl.o
                0x0000000008006a6a                EDS_STM_Init
 .text.HIDS_Init
                0x0000000008006a78        0xe Middlewares/ST/STM32_WPAN/ble/core/Src/blesvc/svc_ctl.o
                0x0000000008006a78                HIDS_Init
 .text.HRS_Init
                0x0000000008006a86        0xe Middlewares/ST/STM32_WPAN/ble/core/Src/blesvc/svc_ctl.o
                0x0000000008006a86                HRS_Init
 .text.HTS_Init
                0x0000000008006a94        0xe Middlewares/ST/STM32_WPAN/ble/core/Src/blesvc/svc_ctl.o
                0x0000000008006a94                HTS_Init
 .text.IAS_Init
                0x0000000008006aa2        0xe Middlewares/ST/STM32_WPAN/ble/core/Src/blesvc/svc_ctl.o
                0x0000000008006aa2                IAS_Init
 .text.LLS_Init
                0x0000000008006ab0        0xe Middlewares/ST/STM32_WPAN/ble/core/Src/blesvc/svc_ctl.o
                0x0000000008006ab0                LLS_Init
 .text.TPS_Init
                0x0000000008006abe        0xe Middlewares/ST/STM32_WPAN/ble/core/Src/blesvc/svc_ctl.o
                0x0000000008006abe                TPS_Init
 .text.OTAS_STM_Init
                0x0000000008006acc        0xe Middlewares/ST/STM32_WPAN/ble/core/Src/blesvc/svc_ctl.o
                0x0000000008006acc                OTAS_STM_Init
 .text.MESH_Init
                0x0000000008006ada        0xe Middlewares/ST/STM32_WPAN/ble/core/Src/blesvc/svc_ctl.o
                0x0000000008006ada                MESH_Init
 .text.SVCCTL_InitCustomSvc
                0x0000000008006ae8        0xe Middlewares/ST/STM32_WPAN/ble/core/Src/blesvc/svc_ctl.o
                0x0000000008006ae8                SVCCTL_InitCustomSvc
 *fill*         0x0000000008006af6        0x2 
 .text.SVCCTL_Init
                0x0000000008006af8       0x54 Middlewares/ST/STM32_WPAN/ble/core/Src/blesvc/svc_ctl.o
                0x0000000008006af8                SVCCTL_Init
 .text.SVCCTL_RegisterSvcHandler
                0x0000000008006b4c       0x34 Middlewares/ST/STM32_WPAN/ble/core/Src/blesvc/svc_ctl.o
                0x0000000008006b4c                SVCCTL_RegisterSvcHandler
 .text.SVCCTL_UserEvtRx
                0x0000000008006b80       0xa4 Middlewares/ST/STM32_WPAN/ble/core/Src/blesvc/svc_ctl.o
                0x0000000008006b80                SVCCTL_UserEvtRx
 .text.aci_gap_set_non_discoverable
                0x0000000008006c24       0x52 Middlewares/ST/STM32_WPAN/ble/core/Src/core/ble_gap_aci.o
                0x0000000008006c24                aci_gap_set_non_discoverable
 .text.aci_gap_set_discoverable
                0x0000000008006c76      0x1ca Middlewares/ST/STM32_WPAN/ble/core/Src/core/ble_gap_aci.o
                0x0000000008006c76                aci_gap_set_discoverable
 .text.aci_gap_set_io_capability
                0x0000000008006e40       0xa2 Middlewares/ST/STM32_WPAN/ble/core/Src/core/ble_gap_aci.o
                0x0000000008006e40                aci_gap_set_io_capability
 .text.aci_gap_set_authentication_requirement
                0x0000000008006ee2      0x15e Middlewares/ST/STM32_WPAN/ble/core/Src/core/ble_gap_aci.o
                0x0000000008006ee2                aci_gap_set_authentication_requirement
 .text.aci_gap_init
                0x0000000008007040      0x116 Middlewares/ST/STM32_WPAN/ble/core/Src/core/ble_gap_aci.o
                0x0000000008007040                aci_gap_init
 .text.aci_gap_update_adv_data
                0x0000000008007156       0xc6 Middlewares/ST/STM32_WPAN/ble/core/Src/core/ble_gap_aci.o
                0x0000000008007156                aci_gap_update_adv_data
 .text.aci_gap_configure_whitelist
                0x000000000800721c       0x52 Middlewares/ST/STM32_WPAN/ble/core/Src/core/ble_gap_aci.o
                0x000000000800721c                aci_gap_configure_whitelist
 .text.aci_gatt_init
                0x000000000800726e       0x54 Middlewares/ST/STM32_WPAN/ble/core/Src/core/ble_gatt_aci.o
                0x000000000800726e                aci_gatt_init
 .text.aci_gatt_add_service
                0x00000000080072c2      0x15e Middlewares/ST/STM32_WPAN/ble/core/Src/core/ble_gatt_aci.o
                0x00000000080072c2                aci_gatt_add_service
 .text.aci_gatt_add_char
                0x0000000008007420      0x1d4 Middlewares/ST/STM32_WPAN/ble/core/Src/core/ble_gatt_aci.o
                0x0000000008007420                aci_gatt_add_char
 .text.aci_gatt_update_char_value
                0x00000000080075f4      0x11c Middlewares/ST/STM32_WPAN/ble/core/Src/core/ble_gatt_aci.o
                0x00000000080075f4                aci_gatt_update_char_value
 .text.aci_hal_write_config_data
                0x0000000008007710       0xe0 Middlewares/ST/STM32_WPAN/ble/core/Src/core/ble_hal_aci.o
                0x0000000008007710                aci_hal_write_config_data
 .text.aci_hal_set_tx_power_level
                0x00000000080077f0       0xbc Middlewares/ST/STM32_WPAN/ble/core/Src/core/ble_hal_aci.o
                0x00000000080077f0                aci_hal_set_tx_power_level
 .text.aci_hal_set_radio_activity_mask
                0x00000000080078ac       0xa2 Middlewares/ST/STM32_WPAN/ble/core/Src/core/ble_hal_aci.o
                0x00000000080078ac                aci_hal_set_radio_activity_mask
 .text.hci_reset
                0x000000000800794e       0x52 Middlewares/ST/STM32_WPAN/ble/core/Src/core/ble_hci_le.o
                0x000000000800794e                hci_reset
 .text.hci_le_set_default_phy
                0x00000000080079a0       0xdc Middlewares/ST/STM32_WPAN/ble/core/Src/core/ble_hci_le.o
                0x00000000080079a0                hci_le_set_default_phy
 .text.Osal_MemCpy
                0x0000000008007a7c       0x20 Middlewares/ST/STM32_WPAN/ble/core/Src/core/osal.o
                0x0000000008007a7c                Osal_MemCpy
 .text.Osal_MemSet
                0x0000000008007a9c       0x20 Middlewares/ST/STM32_WPAN/ble/core/Src/core/osal.o
                0x0000000008007a9c                Osal_MemSet
 .text.SHCI_C2_BLE_Init
                0x0000000008007abc       0x3c Middlewares/ST/STM32_WPAN/interface/patterns/ble_thread/shci/shci.o
                0x0000000008007abc                SHCI_C2_BLE_Init
 .text.hci_init
                0x0000000008007af8       0x38 Middlewares/ST/STM32_WPAN/interface/patterns/ble_thread/tl/hci_tl.o
                0x0000000008007af8                hci_init
 .text.hci_user_evt_proc
                0x0000000008007b30       0x7c Middlewares/ST/STM32_WPAN/interface/patterns/ble_thread/tl/hci_tl.o
                0x0000000008007b30                hci_user_evt_proc
 .text.hci_send_req
                0x0000000008007bac       0xfc Middlewares/ST/STM32_WPAN/interface/patterns/ble_thread/tl/hci_tl.o
                0x0000000008007bac                hci_send_req
 .text.TlInit   0x0000000008007ca8       0x64 Middlewares/ST/STM32_WPAN/interface/patterns/ble_thread/tl/hci_tl.o
 .text.CmdGetStatus
                0x0000000008007d0c       0x18 Middlewares/ST/STM32_WPAN/interface/patterns/ble_thread/tl/hci_tl.o
 .text.SendCmd  0x0000000008007d24       0x4c Middlewares/ST/STM32_WPAN/interface/patterns/ble_thread/tl/hci_tl.o
 .text.Cmd_SetStatus
                0x0000000008007d70       0x50 Middlewares/ST/STM32_WPAN/interface/patterns/ble_thread/tl/hci_tl.o
 .text.TlEvtReceived
                0x0000000008007dc0       0x48 Middlewares/ST/STM32_WPAN/interface/patterns/ble_thread/tl/hci_tl.o
 .text.shci_init
                0x0000000008007e08       0x38 Middlewares/ST/STM32_WPAN/interface/patterns/ble_thread/tl/shci_tl.o
                0x0000000008007e08                shci_init
 .text.shci_user_evt_proc
                0x0000000008007e40       0x7c Middlewares/ST/STM32_WPAN/interface/patterns/ble_thread/tl/shci_tl.o
                0x0000000008007e40                shci_user_evt_proc
 .text.shci_send
                0x0000000008007ebc       0x6c Middlewares/ST/STM32_WPAN/interface/patterns/ble_thread/tl/shci_tl.o
                0x0000000008007ebc                shci_send
 .text.TlInit   0x0000000008007f28       0x64 Middlewares/ST/STM32_WPAN/interface/patterns/ble_thread/tl/shci_tl.o
 .text.Cmd_SetStatus
                0x0000000008007f8c       0x50 Middlewares/ST/STM32_WPAN/interface/patterns/ble_thread/tl/shci_tl.o
 .text.TlCmdEvtReceived
                0x0000000008007fdc       0x16 Middlewares/ST/STM32_WPAN/interface/patterns/ble_thread/tl/shci_tl.o
 *fill*         0x0000000008007ff2        0x2 
 .text.TlUserEvtReceived
                0x0000000008007ff4       0x24 Middlewares/ST/STM32_WPAN/interface/patterns/ble_thread/tl/shci_tl.o
 .text.hci_register_io_bus
                0x0000000008008018       0x28 Middlewares/ST/STM32_WPAN/interface/patterns/ble_thread/tl/tl_if.o
                0x0000000008008018                hci_register_io_bus
 .text.shci_register_io_bus
                0x0000000008008040       0x28 Middlewares/ST/STM32_WPAN/interface/patterns/ble_thread/tl/tl_if.o
                0x0000000008008040                shci_register_io_bus
 .text.TL_Enable
                0x0000000008008068        0xc Middlewares/ST/STM32_WPAN/interface/patterns/ble_thread/tl/tl_mbox.o
                0x0000000008008068                TL_Enable
 .text.TL_Init  0x0000000008008074       0x58 Middlewares/ST/STM32_WPAN/interface/patterns/ble_thread/tl/tl_mbox.o
                0x0000000008008074                TL_Init
 .text.TL_BLE_Init
                0x00000000080080cc       0x68 Middlewares/ST/STM32_WPAN/interface/patterns/ble_thread/tl/tl_mbox.o
                0x00000000080080cc                TL_BLE_Init
 .text.TL_BLE_SendCmd
                0x0000000008008134       0x28 Middlewares/ST/STM32_WPAN/interface/patterns/ble_thread/tl/tl_mbox.o
                0x0000000008008134                TL_BLE_SendCmd
 .text.HW_IPCC_BLE_RxEvtNot
                0x000000000800815c       0x38 Middlewares/ST/STM32_WPAN/interface/patterns/ble_thread/tl/tl_mbox.o
                0x000000000800815c                HW_IPCC_BLE_RxEvtNot
 .text.HW_IPCC_BLE_AclDataAckNot
                0x0000000008008194       0x14 Middlewares/ST/STM32_WPAN/interface/patterns/ble_thread/tl/tl_mbox.o
                0x0000000008008194                HW_IPCC_BLE_AclDataAckNot
 .text.TL_SYS_Init
                0x00000000080081a8       0x54 Middlewares/ST/STM32_WPAN/interface/patterns/ble_thread/tl/tl_mbox.o
                0x00000000080081a8                TL_SYS_Init
 .text.TL_SYS_SendCmd
                0x00000000080081fc       0x28 Middlewares/ST/STM32_WPAN/interface/patterns/ble_thread/tl/tl_mbox.o
                0x00000000080081fc                TL_SYS_SendCmd
 .text.HW_IPCC_SYS_CmdEvtNot
                0x0000000008008224       0x20 Middlewares/ST/STM32_WPAN/interface/patterns/ble_thread/tl/tl_mbox.o
                0x0000000008008224                HW_IPCC_SYS_CmdEvtNot
 .text.HW_IPCC_SYS_EvtNot
                0x0000000008008244       0x38 Middlewares/ST/STM32_WPAN/interface/patterns/ble_thread/tl/tl_mbox.o
                0x0000000008008244                HW_IPCC_SYS_EvtNot
 .text.HW_IPCC_OT_CmdEvtNot
                0x000000000800827c       0x18 Middlewares/ST/STM32_WPAN/interface/patterns/ble_thread/tl/tl_mbox.o
                0x000000000800827c                HW_IPCC_OT_CmdEvtNot
 .text.HW_IPCC_THREAD_EvtNot
                0x0000000008008294       0x18 Middlewares/ST/STM32_WPAN/interface/patterns/ble_thread/tl/tl_mbox.o
                0x0000000008008294                HW_IPCC_THREAD_EvtNot
 .text.HW_IPCC_THREAD_CliEvtNot
                0x00000000080082ac       0x18 Middlewares/ST/STM32_WPAN/interface/patterns/ble_thread/tl/tl_mbox.o
                0x00000000080082ac                HW_IPCC_THREAD_CliEvtNot
 .text.TL_OT_CmdEvtReceived
                0x00000000080082c4       0x14 Middlewares/ST/STM32_WPAN/interface/patterns/ble_thread/tl/tl_mbox.o
                0x00000000080082c4                TL_OT_CmdEvtReceived
 .text.TL_THREAD_NotReceived
                0x00000000080082d8       0x14 Middlewares/ST/STM32_WPAN/interface/patterns/ble_thread/tl/tl_mbox.o
                0x00000000080082d8                TL_THREAD_NotReceived
 .text.TL_THREAD_CliNotReceived
                0x00000000080082ec       0x14 Middlewares/ST/STM32_WPAN/interface/patterns/ble_thread/tl/tl_mbox.o
                0x00000000080082ec                TL_THREAD_CliNotReceived
 .text.TL_MM_Init
                0x0000000008008300       0x78 Middlewares/ST/STM32_WPAN/interface/patterns/ble_thread/tl/tl_mbox.o
                0x0000000008008300                TL_MM_Init
 .text.TL_MM_EvtDone
                0x0000000008008378       0x28 Middlewares/ST/STM32_WPAN/interface/patterns/ble_thread/tl/tl_mbox.o
                0x0000000008008378                TL_MM_EvtDone
 .text.SendFreeBuf
                0x00000000080083a0       0x40 Middlewares/ST/STM32_WPAN/interface/patterns/ble_thread/tl/tl_mbox.o
 .text.TL_TRACES_Init
                0x00000000080083e0       0x24 Middlewares/ST/STM32_WPAN/interface/patterns/ble_thread/tl/tl_mbox.o
                0x00000000080083e0                TL_TRACES_Init
 .text.HW_IPCC_TRACES_EvtNot
                0x0000000008008404       0x34 Middlewares/ST/STM32_WPAN/interface/patterns/ble_thread/tl/tl_mbox.o
                0x0000000008008404                HW_IPCC_TRACES_EvtNot
 .text.TL_TRACES_EvtReceived
                0x0000000008008438       0x14 Middlewares/ST/STM32_WPAN/interface/patterns/ble_thread/tl/tl_mbox.o
                0x0000000008008438                TL_TRACES_EvtReceived
 .text.LPM_SetConf
                0x000000000800844c       0x28 Middlewares/ST/STM32_WPAN/utilities/lpm.o
                0x000000000800844c                LPM_SetConf
 .text.LPM_SetOffMode
                0x0000000008008474       0x54 Middlewares/ST/STM32_WPAN/utilities/lpm.o
                0x0000000008008474                LPM_SetOffMode
 .text.OTP_Read
                0x00000000080084c8       0x50 Middlewares/ST/STM32_WPAN/utilities/otp.o
                0x00000000080084c8                OTP_Read
 .text.SCH_Run  0x0000000008008518      0x198 Middlewares/ST/STM32_WPAN/utilities/scheduler.o
                0x0000000008008518                SCH_Run
 .text.SCH_RegTask
                0x00000000080086b0       0x3c Middlewares/ST/STM32_WPAN/utilities/scheduler.o
                0x00000000080086b0                SCH_RegTask
 .text.SCH_SetTask
                0x00000000080086ec       0x54 Middlewares/ST/STM32_WPAN/utilities/scheduler.o
                0x00000000080086ec                SCH_SetTask
 .text.SCH_PauseTask
                0x0000000008008740       0x3c Middlewares/ST/STM32_WPAN/utilities/scheduler.o
                0x0000000008008740                SCH_PauseTask
 .text.SCH_ResumeTask
                0x000000000800877c       0x3c Middlewares/ST/STM32_WPAN/utilities/scheduler.o
                0x000000000800877c                SCH_ResumeTask
 .text.SCH_SetEvt
                0x00000000080087b8       0x3c Middlewares/ST/STM32_WPAN/utilities/scheduler.o
                0x00000000080087b8                SCH_SetEvt
 .text.SCH_WaitEvt
                0x00000000080087f4       0x54 Middlewares/ST/STM32_WPAN/utilities/scheduler.o
                0x00000000080087f4                SCH_WaitEvt
 .text.LST_init_head
                0x0000000008008848       0x20 Middlewares/ST/STM32_WPAN/utilities/stm_list.o
                0x0000000008008848                LST_init_head
 .text.LST_is_empty
                0x0000000008008868       0x40 Middlewares/ST/STM32_WPAN/utilities/stm_list.o
                0x0000000008008868                LST_is_empty
 .text.LST_insert_head
                0x00000000080088a8       0x48 Middlewares/ST/STM32_WPAN/utilities/stm_list.o
                0x00000000080088a8                LST_insert_head
 .text.LST_insert_tail
                0x00000000080088f0       0x48 Middlewares/ST/STM32_WPAN/utilities/stm_list.o
                0x00000000080088f0                LST_insert_tail
 .text.LST_remove_node
                0x0000000008008938       0x3e Middlewares/ST/STM32_WPAN/utilities/stm_list.o
                0x0000000008008938                LST_remove_node
 .text.LST_remove_head
                0x0000000008008976       0x3a Middlewares/ST/STM32_WPAN/utilities/stm_list.o
                0x0000000008008976                LST_remove_head
 .text.LL_FLASH_GetUDN
                0x00000000080089b0       0x18 STM32_WPAN/App/app_ble.o
 .text.LL_FLASH_GetDeviceID
                0x00000000080089c8       0x18 STM32_WPAN/App/app_ble.o
 .text.LL_FLASH_GetSTCompanyID
                0x00000000080089e0       0x18 STM32_WPAN/App/app_ble.o
 .text.APP_BLE_Init
                0x00000000080089f8       0xe0 STM32_WPAN/App/app_ble.o
                0x00000000080089f8                APP_BLE_Init
 .text.SVCCTL_App_Notification
                0x0000000008008ad8      0x124 STM32_WPAN/App/app_ble.o
                0x0000000008008ad8                SVCCTL_App_Notification
 .text.Ble_Tl_Init
                0x0000000008008bfc       0x2c STM32_WPAN/App/app_ble.o
 .text.Ble_Hci_Gap_Gatt_Init
                0x0000000008008c28      0x1b4 STM32_WPAN/App/app_ble.o
 .text.Adv_Request
                0x0000000008008ddc       0xe4 STM32_WPAN/App/app_ble.o
 .text.BleGetBdAddress
                0x0000000008008ec0       0x88 STM32_WPAN/App/app_ble.o
 .text.Adv_Cancel
                0x0000000008008f48       0x34 STM32_WPAN/App/app_ble.o
 .text.Adv_Cancel_Req
                0x0000000008008f7c       0x10 STM32_WPAN/App/app_ble.o
 .text.Switch_OFF_GPIO
                0x0000000008008f8c        0xe STM32_WPAN/App/app_ble.o
 .text.hci_notify_asynch_evt
                0x0000000008008f9a       0x18 STM32_WPAN/App/app_ble.o
                0x0000000008008f9a                hci_notify_asynch_evt
 .text.hci_cmd_resp_release
                0x0000000008008fb2       0x16 STM32_WPAN/App/app_ble.o
                0x0000000008008fb2                hci_cmd_resp_release
 .text.hci_cmd_resp_wait
                0x0000000008008fc8       0x16 STM32_WPAN/App/app_ble.o
                0x0000000008008fc8                hci_cmd_resp_wait
 .text.BLE_UserEvtRx
                0x0000000008008fde       0x38 STM32_WPAN/App/app_ble.o
 .text.BLE_StatusNot
                0x0000000008009016       0x36 STM32_WPAN/App/app_ble.o
 .text.P2PS_STM_App_Notification
                0x000000000800904c       0x30 STM32_WPAN/App/p2p_server_app.o
                0x000000000800904c                P2PS_STM_App_Notification
 .text.P2PS_APP_Notification
                0x000000000800907c       0x28 STM32_WPAN/App/p2p_server_app.o
                0x000000000800907c                P2PS_APP_Notification
 .text.P2PS_APP_Init
                0x00000000080090a4        0xe STM32_WPAN/App/p2p_server_app.o
                0x00000000080090a4                P2PS_APP_Init
 *fill*         0x00000000080090b2        0x2 
 .text.LL_PWR_EnableBootC2
                0x00000000080090b4       0x20 STM32_WPAN/Target/hw_ipcc.o
 .text.LL_AHB3_GRP1_EnableClock
                0x00000000080090d4       0x32 STM32_WPAN/Target/hw_ipcc.o
 .text.LL_C1_IPCC_EnableIT_TXF
                0x0000000008009106       0x20 STM32_WPAN/Target/hw_ipcc.o
 .text.LL_C1_IPCC_EnableIT_RXO
                0x0000000008009126       0x20 STM32_WPAN/Target/hw_ipcc.o
 .text.LL_C1_IPCC_EnableTransmitChannel
                0x0000000008009146       0x26 STM32_WPAN/Target/hw_ipcc.o
 .text.LL_C1_IPCC_DisableTransmitChannel
                0x000000000800916c       0x24 STM32_WPAN/Target/hw_ipcc.o
 .text.LL_C1_IPCC_EnableReceiveChannel
                0x0000000008009190       0x24 STM32_WPAN/Target/hw_ipcc.o
 .text.LL_C1_IPCC_DisableReceiveChannel
                0x00000000080091b4       0x22 STM32_WPAN/Target/hw_ipcc.o
 .text.LL_C1_IPCC_ClearFlag_CHx
                0x00000000080091d6       0x1c STM32_WPAN/Target/hw_ipcc.o
 .text.LL_C1_IPCC_SetFlag_CHx
                0x00000000080091f2       0x1e STM32_WPAN/Target/hw_ipcc.o
 .text.LL_C1_IPCC_IsActiveFlag_CHx
                0x0000000008009210       0x2a STM32_WPAN/Target/hw_ipcc.o
 .text.LL_C2_IPCC_IsActiveFlag_CHx
                0x000000000800923a       0x2a STM32_WPAN/Target/hw_ipcc.o
 .text.HW_IPCC_Rx_Handler
                0x0000000008009264       0xb4 STM32_WPAN/Target/hw_ipcc.o
                0x0000000008009264                HW_IPCC_Rx_Handler
 .text.HW_IPCC_Tx_Handler
                0x0000000008009318       0x94 STM32_WPAN/Target/hw_ipcc.o
                0x0000000008009318                HW_IPCC_Tx_Handler
 .text.HW_IPCC_Enable
                0x00000000080093ac        0xc STM32_WPAN/Target/hw_ipcc.o
                0x00000000080093ac                HW_IPCC_Enable
 .text.HW_IPCC_Init
                0x00000000080093b8       0x2c STM32_WPAN/Target/hw_ipcc.o
                0x00000000080093b8                HW_IPCC_Init
 .text.HW_IPCC_BLE_Init
                0x00000000080093e4       0x14 STM32_WPAN/Target/hw_ipcc.o
                0x00000000080093e4                HW_IPCC_BLE_Init
 .text.HW_IPCC_BLE_SendCmd
                0x00000000080093f8       0x14 STM32_WPAN/Target/hw_ipcc.o
                0x00000000080093f8                HW_IPCC_BLE_SendCmd
 .text.HW_IPCC_BLE_EvtHandler
                0x000000000800940c       0x18 STM32_WPAN/Target/hw_ipcc.o
 .text.HW_IPCC_BLE_AclDataEvtHandler
                0x0000000008009424       0x18 STM32_WPAN/Target/hw_ipcc.o
 .text.HW_IPCC_SYS_Init
                0x000000000800943c       0x14 STM32_WPAN/Target/hw_ipcc.o
                0x000000000800943c                HW_IPCC_SYS_Init
 .text.HW_IPCC_SYS_SendCmd
                0x0000000008009450       0x1c STM32_WPAN/Target/hw_ipcc.o
                0x0000000008009450                HW_IPCC_SYS_SendCmd
 .text.HW_IPCC_SYS_CmdEvtHandler
                0x000000000800946c       0x18 STM32_WPAN/Target/hw_ipcc.o
 .text.HW_IPCC_SYS_EvtHandler
                0x0000000008009484       0x18 STM32_WPAN/Target/hw_ipcc.o
 .text.HW_IPCC_OT_CmdEvtHandler
                0x000000000800949c       0x18 STM32_WPAN/Target/hw_ipcc.o
 .text.HW_IPCC_THREAD_NotEvtHandler
                0x00000000080094b4       0x18 STM32_WPAN/Target/hw_ipcc.o
 .text.HW_IPCC_THREAD_CliNotEvtHandler
                0x00000000080094cc       0x18 STM32_WPAN/Target/hw_ipcc.o
 .text.HW_IPCC_MM_SendFreeBuf
                0x00000000080094e4       0x44 STM32_WPAN/Target/hw_ipcc.o
                0x00000000080094e4                HW_IPCC_MM_SendFreeBuf
 .text.HW_IPCC_MM_FreeBufHandler
                0x0000000008009528       0x28 STM32_WPAN/Target/hw_ipcc.o
 .text.HW_IPCC_TRACES_Init
                0x0000000008009550       0x14 STM32_WPAN/Target/hw_ipcc.o
                0x0000000008009550                HW_IPCC_TRACES_Init
 .text.HW_IPCC_TRACES_EvtHandler
                0x0000000008009564       0x18 STM32_WPAN/Target/hw_ipcc.o
 .text.__libc_init_array
                0x000000000800957c       0x48 c:/st/stm32cubeide_1.4.0/stm32cubeide/plugins/com.st.stm32cube.ide.mcu.externaltools.gnu-tools-for-stm32.7-2018-q2-update.win32_1.5.0.202011040924/tools/bin/../lib/gcc/arm-none-eabi/7.3.1/../../../../arm-none-eabi/lib/thumb/v7e-m/fpv4-sp/hard\libc_nano.a(lib_a-init.o)
                0x000000000800957c                __libc_init_array
 .text.memcpy   0x00000000080095c4       0x16 c:/st/stm32cubeide_1.4.0/stm32cubeide/plugins/com.st.stm32cube.ide.mcu.externaltools.gnu-tools-for-stm32.7-2018-q2-update.win32_1.5.0.202011040924/tools/bin/../lib/gcc/arm-none-eabi/7.3.1/../../../../arm-none-eabi/lib/thumb/v7e-m/fpv4-sp/hard\libc_nano.a(lib_a-memcpy-stub.o)
                0x00000000080095c4                memcpy
 .text.memset   0x00000000080095da       0x10 c:/st/stm32cubeide_1.4.0/stm32cubeide/plugins/com.st.stm32cube.ide.mcu.externaltools.gnu-tools-for-stm32.7-2018-q2-update.win32_1.5.0.202011040924/tools/bin/../lib/gcc/arm-none-eabi/7.3.1/../../../../arm-none-eabi/lib/thumb/v7e-m/fpv4-sp/hard\libc_nano.a(lib_a-memset.o)
                0x00000000080095da                memset
 *(.glue_7)
 .glue_7        0x00000000080095ea        0x0 linker stubs
 *(.glue_7t)
 .glue_7t       0x00000000080095ea        0x0 linker stubs
 *(.eh_frame)
 *fill*         0x00000000080095ea        0x2 
 .eh_frame      0x00000000080095ec        0x0 c:/st/stm32cubeide_1.4.0/stm32cubeide/plugins/com.st.stm32cube.ide.mcu.externaltools.gnu-tools-for-stm32.7-2018-q2-update.win32_1.5.0.202011040924/tools/bin/../lib/gcc/arm-none-eabi/7.3.1/thumb/v7e-m/fpv4-sp/hard/crtbegin.o
 *(.init)
 .init          0x00000000080095ec        0x4 c:/st/stm32cubeide_1.4.0/stm32cubeide/plugins/com.st.stm32cube.ide.mcu.externaltools.gnu-tools-for-stm32.7-2018-q2-update.win32_1.5.0.202011040924/tools/bin/../lib/gcc/arm-none-eabi/7.3.1/thumb/v7e-m/fpv4-sp/hard/crti.o
                0x00000000080095ec                _init
 .init          0x00000000080095f0        0x8 c:/st/stm32cubeide_1.4.0/stm32cubeide/plugins/com.st.stm32cube.ide.mcu.externaltools.gnu-tools-for-stm32.7-2018-q2-update.win32_1.5.0.202011040924/tools/bin/../lib/gcc/arm-none-eabi/7.3.1/thumb/v7e-m/fpv4-sp/hard/crtn.o
 *(.fini)
 .fini          0x00000000080095f8        0x4 c:/st/stm32cubeide_1.4.0/stm32cubeide/plugins/com.st.stm32cube.ide.mcu.externaltools.gnu-tools-for-stm32.7-2018-q2-update.win32_1.5.0.202011040924/tools/bin/../lib/gcc/arm-none-eabi/7.3.1/thumb/v7e-m/fpv4-sp/hard/crti.o
                0x00000000080095f8                _fini
 .fini          0x00000000080095fc        0x8 c:/st/stm32cubeide_1.4.0/stm32cubeide/plugins/com.st.stm32cube.ide.mcu.externaltools.gnu-tools-for-stm32.7-2018-q2-update.win32_1.5.0.202011040924/tools/bin/../lib/gcc/arm-none-eabi/7.3.1/thumb/v7e-m/fpv4-sp/hard/crtn.o
                0x0000000008009604                . = ALIGN (0x4)
                0x0000000008009604                _etext = .

.vfp11_veneer   0x0000000008009604        0x0
 .vfp11_veneer  0x0000000008009604        0x0 linker stubs

.v4_bx          0x0000000008009604        0x0
 .v4_bx         0x0000000008009604        0x0 linker stubs

.iplt           0x0000000008009604        0x0
 .iplt          0x0000000008009604        0x0 c:/st/stm32cubeide_1.4.0/stm32cubeide/plugins/com.st.stm32cube.ide.mcu.externaltools.gnu-tools-for-stm32.7-2018-q2-update.win32_1.5.0.202011040924/tools/bin/../lib/gcc/arm-none-eabi/7.3.1/thumb/v7e-m/fpv4-sp/hard/crtbegin.o

.rodata         0x0000000008009604      0xf20
                0x0000000008009604                . = ALIGN (0x4)
 *(.rodata)
 .rodata        0x0000000008009604       0x2c Drivers/STM32WBxx_HAL_Driver/Src/stm32wbxx_hal_rcc.o
 .rodata        0x0000000008009630       0x10 Drivers/STM32WBxx_HAL_Driver/Src/stm32wbxx_hal_uart_ex.o
 .rodata        0x0000000008009640       0x38 STM32_WPAN/App/app_ble.o
 *(.rodata*)
 .rodata.bluetooth_logo
                0x0000000008009678       0x80 Core/Src/bluetooth_logo.o
                0x0000000008009678                bluetooth_logo
 .rodata.Font11x18
                0x00000000080096f8      0xd5c Core/Src/fonts.o
                0x00000000080096f8                Font11x18
 .rodata.AHBPrescTable
                0x000000000800a454       0x40 Core/Src/system_stm32wbxx.o
                0x000000000800a454                AHBPrescTable
 .rodata.APBPrescTable
                0x000000000800a494       0x20 Core/Src/system_stm32wbxx.o
                0x000000000800a494                APBPrescTable
 .rodata.MSIRangeTable
                0x000000000800a4b4       0x40 Core/Src/system_stm32wbxx.o
                0x000000000800a4b4                MSIRangeTable
 .rodata.M_bd_addr
                0x000000000800a4f4        0x6 STM32_WPAN/App/app_ble.o
 *fill*         0x000000000800a4fa        0x2 
 .rodata.BLE_CFG_IR_VALUE
                0x000000000800a4fc       0x10 STM32_WPAN/App/app_ble.o
 .rodata.BLE_CFG_ER_VALUE
                0x000000000800a50c       0x10 STM32_WPAN/App/app_ble.o
 .rodata.local_name
                0x000000000800a51c        0x8 STM32_WPAN/App/app_ble.o
                0x000000000800a524                . = ALIGN (0x4)

.ARM.extab
 *(.ARM.extab* .gnu.linkonce.armextab.*)

.ARM            0x000000000800a524        0x8
                0x000000000800a524                __exidx_start = .
 *(.ARM.exidx*)
 .ARM.exidx     0x000000000800a524        0x8 c:/st/stm32cubeide_1.4.0/stm32cubeide/plugins/com.st.stm32cube.ide.mcu.externaltools.gnu-tools-for-stm32.7-2018-q2-update.win32_1.5.0.202011040924/tools/bin/../lib/gcc/arm-none-eabi/7.3.1/thumb/v7e-m/fpv4-sp/hard\libgcc.a(_udivmoddi4.o)
                0x000000000800a52c                __exidx_end = .

.rel.dyn        0x000000000800a52c        0x0
 .rel.iplt      0x000000000800a52c        0x0 c:/st/stm32cubeide_1.4.0/stm32cubeide/plugins/com.st.stm32cube.ide.mcu.externaltools.gnu-tools-for-stm32.7-2018-q2-update.win32_1.5.0.202011040924/tools/bin/../lib/gcc/arm-none-eabi/7.3.1/thumb/v7e-m/fpv4-sp/hard/crtbegin.o

.preinit_array  0x000000000800a52c        0x0
                0x000000000800a52c                PROVIDE (__preinit_array_start = .)
 *(.preinit_array*)
                0x000000000800a52c                PROVIDE (__preinit_array_end = .)

.init_array     0x000000000800a52c        0x4
                0x000000000800a52c                PROVIDE (__init_array_start = .)
 *(SORT_BY_NAME(.init_array.*))
 *(.init_array*)
 .init_array    0x000000000800a52c        0x4 c:/st/stm32cubeide_1.4.0/stm32cubeide/plugins/com.st.stm32cube.ide.mcu.externaltools.gnu-tools-for-stm32.7-2018-q2-update.win32_1.5.0.202011040924/tools/bin/../lib/gcc/arm-none-eabi/7.3.1/thumb/v7e-m/fpv4-sp/hard/crtbegin.o
                0x000000000800a530                PROVIDE (__init_array_end = .)

.fini_array     0x000000000800a530        0x4
                [!provide]                        PROVIDE (__fini_array_start = .)
 *(SORT_BY_NAME(.fini_array.*))
 *(.fini_array*)
 .fini_array    0x000000000800a530        0x4 c:/st/stm32cubeide_1.4.0/stm32cubeide/plugins/com.st.stm32cube.ide.mcu.externaltools.gnu-tools-for-stm32.7-2018-q2-update.win32_1.5.0.202011040924/tools/bin/../lib/gcc/arm-none-eabi/7.3.1/thumb/v7e-m/fpv4-sp/hard/crtbegin.o
                [!provide]                        PROVIDE (__fini_array_end = .)
                0x000000000800a534                _sidata = LOADADDR (.data)

.data           0x0000000020000004       0x2c load address 0x000000000800a534
                0x0000000020000004                . = ALIGN (0x4)
                0x0000000020000004                _sdata = .
 *(.data)
 *(.data*)
 .data.Font_11x18
                0x0000000020000004        0x8 Core/Src/fonts.o
                0x0000000020000004                Font_11x18
 .data.SystemCoreClock
                0x000000002000000c        0x4 Core/Src/system_stm32wbxx.o
                0x000000002000000c                SystemCoreClock
 .data.uwTickPrio
                0x0000000020000010        0x4 Drivers/STM32WBxx_HAL_Driver/Src/stm32wbxx_hal.o
                0x0000000020000010                uwTickPrio
 .data.uwTickFreq
                0x0000000020000014        0x4 Drivers/STM32WBxx_HAL_Driver/Src/stm32wbxx_hal.o
                0x0000000020000014                uwTickFreq
 .data.TaskMask
                0x0000000020000018        0x4 Middlewares/ST/STM32_WPAN/utilities/scheduler.o
 .data.SuperMask
                0x000000002000001c        0x4 Middlewares/ST/STM32_WPAN/utilities/scheduler.o
 .data.manuf_data
                0x0000000020000020        0xe STM32_WPAN/App/app_ble.o
                0x0000000020000020                manuf_data
 *(.RamFunc)
 *(.RamFunc*)
                0x0000000020000030                . = ALIGN (0x4)
 *fill*         0x000000002000002e        0x2 
                0x0000000020000030                _edata = .

.igot.plt       0x0000000020000030        0x0 load address 0x000000000800a560
 .igot.plt      0x0000000020000030        0x0 c:/st/stm32cubeide_1.4.0/stm32cubeide/plugins/com.st.stm32cube.ide.mcu.externaltools.gnu-tools-for-stm32.7-2018-q2-update.win32_1.5.0.202011040924/tools/bin/../lib/gcc/arm-none-eabi/7.3.1/thumb/v7e-m/fpv4-sp/hard/crtbegin.o

TIMERSERVER_CONTEXT
                0x0000000020000030       0x99 load address 0x000000000800a560
 TIMERSERVER_CONTEXT
                0x0000000020000030       0x99 Core/Src/hw_timerserver.o

BLE_DRIVER_CONTEXT
                0x00000000200000cc       0x41 load address 0x000000000800a5f9
 BLE_DRIVER_CONTEXT
                0x00000000200000cc        0x6 Middlewares/ST/STM32_WPAN/ble/core/Src/blesvc/p2p_stm.o
 *fill*         0x00000000200000d2        0x2 
 BLE_DRIVER_CONTEXT
                0x00000000200000d4       0x21 Middlewares/ST/STM32_WPAN/ble/core/Src/blesvc/svc_ctl.o
                0x00000000200000d4                SVCCTL_EvtHandler
                0x00000000200000f4                SVCCTL_CltHandler
 *fill*         0x00000000200000f5        0x3 
 BLE_DRIVER_CONTEXT
                0x00000000200000f8       0x15 Middlewares/ST/STM32_WPAN/interface/patterns/ble_thread/tl/hci_tl.o
                0x000000002000010c                UserEventFlow

SYSTEM_DRIVER_CONTEXT
                0x0000000020000110       0x11 load address 0x000000000800a63a
 SYSTEM_DRIVER_CONTEXT
                0x0000000020000110       0x11 Middlewares/ST/STM32_WPAN/interface/patterns/ble_thread/tl/shci_tl.o
                0x0000000020000120                SHCI_TL_UserEventFlow

BLE_APP_CONTEXT
                0x0000000020000124       0x98 load address 0x000000000800a64b
 BLE_APP_CONTEXT
                0x0000000020000124       0x98 STM32_WPAN/App/app_ble.o
                0x00000000200001bc                . = ALIGN (0x4)

.bss            0x00000000200001bc      0x5dc load address 0x000000000800a6e3
                0x00000000200001bc                _sbss = .
                0x00000000200001bc                __bss_start__ = _sbss
 *(.bss)
 .bss           0x00000000200001bc       0x1c c:/st/stm32cubeide_1.4.0/stm32cubeide/plugins/com.st.stm32cube.ide.mcu.externaltools.gnu-tools-for-stm32.7-2018-q2-update.win32_1.5.0.202011040924/tools/bin/../lib/gcc/arm-none-eabi/7.3.1/thumb/v7e-m/fpv4-sp/hard/crtbegin.o
 *(.bss*)
 .bss.phrtc     0x00000000200001d8        0x4 Core/Src/hw_timerserver.o
 .bss.WakeupTimerDivider
                0x00000000200001dc        0x1 Core/Src/hw_timerserver.o
 .bss.AsynchPrescalerUserConfig
                0x00000000200001dd        0x1 Core/Src/hw_timerserver.o
 .bss.SynchPrescalerUserConfig
                0x00000000200001de        0x2 Core/Src/hw_timerserver.o
 .bss.MaxWakeupTimerSetup
                0x00000000200001e0        0x2 Core/Src/hw_timerserver.o
 *fill*         0x00000000200001e2        0x2 
 .bss.SSD1306_Buffer
                0x00000000200001e4      0x200 Core/Src/ssd1306.o
 .bss.SSD1306   0x00000000200003e4        0x6 Core/Src/ssd1306.o
 *fill*         0x00000000200003ea        0x2 
 .bss.hciContext
                0x00000000200003ec       0x20 Middlewares/ST/STM32_WPAN/interface/patterns/ble_thread/tl/hci_tl.o
 .bss.HciCmdEventQueue
                0x000000002000040c        0x8 Middlewares/ST/STM32_WPAN/interface/patterns/ble_thread/tl/hci_tl.o
 .bss.StatusNotCallBackFunction
                0x0000000020000414        0x4 Middlewares/ST/STM32_WPAN/interface/patterns/ble_thread/tl/hci_tl.o
 .bss.shciContext
                0x0000000020000418       0x20 Middlewares/ST/STM32_WPAN/interface/patterns/ble_thread/tl/shci_tl.o
 .bss.StatusNotCallBackFunction
                0x0000000020000438        0x4 Middlewares/ST/STM32_WPAN/interface/patterns/ble_thread/tl/shci_tl.o
 .bss.LocalFreeBufQueue
                0x000000002000043c        0x8 Middlewares/ST/STM32_WPAN/interface/patterns/ble_thread/tl/tl_mbox.o
 .bss.BLE_IoBusEvtCallBackFunction
                0x0000000020000444        0x4 Middlewares/ST/STM32_WPAN/interface/patterns/ble_thread/tl/tl_mbox.o
 .bss.BLE_IoBusAclDataTxAck
                0x0000000020000448        0x4 Middlewares/ST/STM32_WPAN/interface/patterns/ble_thread/tl/tl_mbox.o
 .bss.SYS_CMD_IoBusCallBackFunction
                0x000000002000044c        0x4 Middlewares/ST/STM32_WPAN/interface/patterns/ble_thread/tl/tl_mbox.o
 .bss.SYS_EVT_IoBusCallBackFunction
                0x0000000020000450        0x4 Middlewares/ST/STM32_WPAN/interface/patterns/ble_thread/tl/tl_mbox.o
 .bss.p_mem_manager_table.13320
                0x0000000020000454        0x4 Middlewares/ST/STM32_WPAN/interface/patterns/ble_thread/tl/tl_mbox.o
 .bss.LowPowerModeSel
                0x0000000020000458        0x4 Middlewares/ST/STM32_WPAN/utilities/lpm.o
 .bss.LowPowerModeConfiguration
                0x000000002000045c        0x2 Middlewares/ST/STM32_WPAN/utilities/lpm.o
 *fill*         0x000000002000045e        0x2 
 .bss.TaskSet   0x0000000020000460        0x4 Middlewares/ST/STM32_WPAN/utilities/scheduler.o
 .bss.EvtSet    0x0000000020000464        0x4 Middlewares/ST/STM32_WPAN/utilities/scheduler.o
 .bss.EvtWaited
                0x0000000020000468        0x4 Middlewares/ST/STM32_WPAN/utilities/scheduler.o
 .bss.TaskCb    0x000000002000046c       0x10 Middlewares/ST/STM32_WPAN/utilities/scheduler.o
 .bss.TaskPrio  0x000000002000047c        0x8 Middlewares/ST/STM32_WPAN/utilities/scheduler.o
 .bss.bd_addr_udn
                0x0000000020000484        0x6 STM32_WPAN/App/app_ble.o
 *fill*         0x000000002000048a        0x2 
 .bss.FreeBufCb
                0x000000002000048c        0x4 STM32_WPAN/Target/hw_ipcc.o
 *(COMMON)
 COMMON         0x0000000020000490       0xfc Core/Src/main.o
                0x0000000020000490                hi2c3
                0x00000000200004dc                huart1
                0x0000000020000568                hrtc
 COMMON         0x000000002000058c      0x201 Core/Src/ssd1306.o
                0x000000002000058c                dt
 *fill*         0x000000002000078d        0x3 
 COMMON         0x0000000020000790        0x4 Drivers/STM32WBxx_HAL_Driver/Src/stm32wbxx_hal.o
                0x0000000020000790                uwTick
 COMMON         0x0000000020000794        0x4 STM32_WPAN/App/app_ble.o
                0x0000000020000794                handleNotification
                0x0000000020000798                . = ALIGN (0x4)
                0x0000000020000798                _ebss = .
                0x0000000020000798                __bss_end__ = _ebss

._user_heap_stack
                0x0000000020000798      0x600 load address 0x000000000800a6e3
                0x0000000020000798                . = ALIGN (0x8)
                [!provide]                        PROVIDE (end = .)
                0x0000000020000798                PROVIDE (_end = .)
                0x0000000020000998                . = (. + _Min_Heap_Size)
 *fill*         0x0000000020000798      0x200 
                0x0000000020000d98                . = (. + _Min_Stack_Size)
 *fill*         0x0000000020000998      0x400 
                0x0000000020000d98                . = ALIGN (0x8)

/DISCARD/
 libc.a(*)
 libm.a(*)
 libgcc.a(*)

.ARM.attributes
                0x0000000000000000       0x30
 *(.ARM.attributes)
 .ARM.attributes
                0x0000000000000000       0x22 c:/st/stm32cubeide_1.4.0/stm32cubeide/plugins/com.st.stm32cube.ide.mcu.externaltools.gnu-tools-for-stm32.7-2018-q2-update.win32_1.5.0.202011040924/tools/bin/../lib/gcc/arm-none-eabi/7.3.1/thumb/v7e-m/fpv4-sp/hard/crti.o
 .ARM.attributes
                0x0000000000000022       0x34 c:/st/stm32cubeide_1.4.0/stm32cubeide/plugins/com.st.stm32cube.ide.mcu.externaltools.gnu-tools-for-stm32.7-2018-q2-update.win32_1.5.0.202011040924/tools/bin/../lib/gcc/arm-none-eabi/7.3.1/thumb/v7e-m/fpv4-sp/hard/crtbegin.o
 .ARM.attributes
                0x0000000000000056       0x39 Core/Src/app_entry.o
 .ARM.attributes
                0x000000000000008f       0x39 Core/Src/bluetooth_logo.o
 .ARM.attributes
                0x00000000000000c8       0x39 Core/Src/fonts.o
 .ARM.attributes
                0x0000000000000101       0x39 Core/Src/hal_lcd.o
 .ARM.attributes
                0x000000000000013a       0x39 Core/Src/hw_timerserver.o
 .ARM.attributes
                0x0000000000000173       0x39 Core/Src/main.o
 .ARM.attributes
                0x00000000000001ac       0x39 Core/Src/ssd1306.o
 .ARM.attributes
                0x00000000000001e5       0x39 Core/Src/stm32wbxx_hal_msp.o
 .ARM.attributes
                0x000000000000021e       0x39 Core/Src/stm32wbxx_it.o
 .ARM.attributes
                0x0000000000000257       0x39 Core/Src/system_stm32wbxx.o
 .ARM.attributes
                0x0000000000000290       0x21 Core/Startup/startup_stm32wb55rgvx.o
 .ARM.attributes
                0x00000000000002b1       0x39 Drivers/STM32WBxx_HAL_Driver/Src/stm32wbxx_hal.o
 .ARM.attributes
                0x00000000000002ea       0x39 Drivers/STM32WBxx_HAL_Driver/Src/stm32wbxx_hal_cortex.o
 .ARM.attributes
                0x0000000000000323       0x39 Drivers/STM32WBxx_HAL_Driver/Src/stm32wbxx_hal_gpio.o
 .ARM.attributes
                0x000000000000035c       0x39 Drivers/STM32WBxx_HAL_Driver/Src/stm32wbxx_hal_i2c.o
 .ARM.attributes
                0x0000000000000395       0x39 Drivers/STM32WBxx_HAL_Driver/Src/stm32wbxx_hal_i2c_ex.o
 .ARM.attributes
                0x00000000000003ce       0x39 Drivers/STM32WBxx_HAL_Driver/Src/stm32wbxx_hal_pwr.o
 .ARM.attributes
                0x0000000000000407       0x39 Drivers/STM32WBxx_HAL_Driver/Src/stm32wbxx_hal_pwr_ex.o
 .ARM.attributes
                0x0000000000000440       0x39 Drivers/STM32WBxx_HAL_Driver/Src/stm32wbxx_hal_rcc.o
 .ARM.attributes
                0x0000000000000479       0x39 Drivers/STM32WBxx_HAL_Driver/Src/stm32wbxx_hal_rcc_ex.o
 .ARM.attributes
                0x00000000000004b2       0x39 Drivers/STM32WBxx_HAL_Driver/Src/stm32wbxx_hal_rtc.o
 .ARM.attributes
                0x00000000000004eb       0x39 Drivers/STM32WBxx_HAL_Driver/Src/stm32wbxx_hal_uart.o
 .ARM.attributes
                0x0000000000000524       0x39 Drivers/STM32WBxx_HAL_Driver/Src/stm32wbxx_hal_uart_ex.o
 .ARM.attributes
                0x000000000000055d       0x39 Middlewares/ST/STM32_WPAN/ble/core/Src/blesvc/p2p_stm.o
 .ARM.attributes
                0x0000000000000596       0x39 Middlewares/ST/STM32_WPAN/ble/core/Src/blesvc/svc_ctl.o
 .ARM.attributes
                0x00000000000005cf       0x39 Middlewares/ST/STM32_WPAN/ble/core/Src/core/ble_gap_aci.o
 .ARM.attributes
                0x0000000000000608       0x39 Middlewares/ST/STM32_WPAN/ble/core/Src/core/ble_gatt_aci.o
 .ARM.attributes
                0x0000000000000641       0x39 Middlewares/ST/STM32_WPAN/ble/core/Src/core/ble_hal_aci.o
 .ARM.attributes
                0x000000000000067a       0x39 Middlewares/ST/STM32_WPAN/ble/core/Src/core/ble_hci_le.o
 .ARM.attributes
                0x00000000000006b3       0x39 Middlewares/ST/STM32_WPAN/ble/core/Src/core/osal.o
 .ARM.attributes
                0x00000000000006ec       0x39 Middlewares/ST/STM32_WPAN/interface/patterns/ble_thread/shci/shci.o
 .ARM.attributes
                0x0000000000000725       0x39 Middlewares/ST/STM32_WPAN/interface/patterns/ble_thread/tl/hci_tl.o
 .ARM.attributes
                0x000000000000075e       0x39 Middlewares/ST/STM32_WPAN/interface/patterns/ble_thread/tl/shci_tl.o
 .ARM.attributes
                0x0000000000000797       0x39 Middlewares/ST/STM32_WPAN/interface/patterns/ble_thread/tl/tl_if.o
 .ARM.attributes
                0x00000000000007d0       0x39 Middlewares/ST/STM32_WPAN/interface/patterns/ble_thread/tl/tl_mbox.o
 .ARM.attributes
                0x0000000000000809       0x39 Middlewares/ST/STM32_WPAN/utilities/lpm.o
 .ARM.attributes
                0x0000000000000842       0x39 Middlewares/ST/STM32_WPAN/utilities/otp.o
 .ARM.attributes
                0x000000000000087b       0x39 Middlewares/ST/STM32_WPAN/utilities/scheduler.o
 .ARM.attributes
                0x00000000000008b4       0x39 Middlewares/ST/STM32_WPAN/utilities/stm_list.o
 .ARM.attributes
                0x00000000000008ed       0x39 STM32_WPAN/App/app_ble.o
 .ARM.attributes
                0x0000000000000926       0x39 STM32_WPAN/App/p2p_server_app.o
 .ARM.attributes
                0x000000000000095f       0x39 STM32_WPAN/Target/hw_ipcc.o
 .ARM.attributes
                0x0000000000000998       0x34 c:/st/stm32cubeide_1.4.0/stm32cubeide/plugins/com.st.stm32cube.ide.mcu.externaltools.gnu-tools-for-stm32.7-2018-q2-update.win32_1.5.0.202011040924/tools/bin/../lib/gcc/arm-none-eabi/7.3.1/../../../../arm-none-eabi/lib/thumb/v7e-m/fpv4-sp/hard\libc_nano.a(lib_a-init.o)
 .ARM.attributes
                0x00000000000009cc       0x34 c:/st/stm32cubeide_1.4.0/stm32cubeide/plugins/com.st.stm32cube.ide.mcu.externaltools.gnu-tools-for-stm32.7-2018-q2-update.win32_1.5.0.202011040924/tools/bin/../lib/gcc/arm-none-eabi/7.3.1/../../../../arm-none-eabi/lib/thumb/v7e-m/fpv4-sp/hard\libc_nano.a(lib_a-memcpy-stub.o)
 .ARM.attributes
                0x0000000000000a00       0x34 c:/st/stm32cubeide_1.4.0/stm32cubeide/plugins/com.st.stm32cube.ide.mcu.externaltools.gnu-tools-for-stm32.7-2018-q2-update.win32_1.5.0.202011040924/tools/bin/../lib/gcc/arm-none-eabi/7.3.1/../../../../arm-none-eabi/lib/thumb/v7e-m/fpv4-sp/hard\libc_nano.a(lib_a-memset.o)
 .ARM.attributes
                0x0000000000000a34       0x1b c:/st/stm32cubeide_1.4.0/stm32cubeide/plugins/com.st.stm32cube.ide.mcu.externaltools.gnu-tools-for-stm32.7-2018-q2-update.win32_1.5.0.202011040924/tools/bin/../lib/gcc/arm-none-eabi/7.3.1/../../../../arm-none-eabi/lib/thumb/v7e-m/fpv4-sp/hard\libc_nano.a(lib_a-strlen.o)
 .ARM.attributes
                0x0000000000000a4f       0x22 c:/st/stm32cubeide_1.4.0/stm32cubeide/plugins/com.st.stm32cube.ide.mcu.externaltools.gnu-tools-for-stm32.7-2018-q2-update.win32_1.5.0.202011040924/tools/bin/../lib/gcc/arm-none-eabi/7.3.1/thumb/v7e-m/fpv4-sp/hard\libgcc.a(_aeabi_uldivmod.o)
 .ARM.attributes
                0x0000000000000a71       0x34 c:/st/stm32cubeide_1.4.0/stm32cubeide/plugins/com.st.stm32cube.ide.mcu.externaltools.gnu-tools-for-stm32.7-2018-q2-update.win32_1.5.0.202011040924/tools/bin/../lib/gcc/arm-none-eabi/7.3.1/thumb/v7e-m/fpv4-sp/hard\libgcc.a(_udivmoddi4.o)
 .ARM.attributes
                0x0000000000000aa5       0x22 c:/st/stm32cubeide_1.4.0/stm32cubeide/plugins/com.st.stm32cube.ide.mcu.externaltools.gnu-tools-for-stm32.7-2018-q2-update.win32_1.5.0.202011040924/tools/bin/../lib/gcc/arm-none-eabi/7.3.1/thumb/v7e-m/fpv4-sp/hard\libgcc.a(_dvmd_tls.o)
 .ARM.attributes
                0x0000000000000ac7       0x22 c:/st/stm32cubeide_1.4.0/stm32cubeide/plugins/com.st.stm32cube.ide.mcu.externaltools.gnu-tools-for-stm32.7-2018-q2-update.win32_1.5.0.202011040924/tools/bin/../lib/gcc/arm-none-eabi/7.3.1/thumb/v7e-m/fpv4-sp/hard/crtn.o

MAPPING_TABLE   0x0000000020030000       0x1c
 *(MAPPING_TABLE)
 MAPPING_TABLE  0x0000000020030000       0x1c Middlewares/ST/STM32_WPAN/interface/patterns/ble_thread/tl/tl_mbox.o

MB_MEM1         0x000000002003001c      0x18b
 *(MB_MEM1)
 MB_MEM1        0x000000002003001c       0x80 Middlewares/ST/STM32_WPAN/interface/patterns/ble_thread/tl/tl_mbox.o
 MB_MEM1        0x000000002003009c      0x10b STM32_WPAN/App/app_ble.o

MB_MEM2         0x00000000200301a8      0x880
                0x00000000200301a8                _sMB_MEM2 = .
 *(MB_MEM2)
 MB_MEM2        0x00000000200301a8      0x85e Core/Src/app_entry.o
 *fill*         0x0000000020030a06        0x2 
 MB_MEM2        0x0000000020030a08       0x20 Middlewares/ST/STM32_WPAN/interface/patterns/ble_thread/tl/tl_mbox.o
                0x0000000020030a28                _eMB_MEM2 = .
OUTPUT(HandsOn_2.elf elf32-littlearm)

.debug_info     0x0000000000000000    0x30ec5
 .debug_info    0x0000000000000000     0x1bfe Core/Src/app_entry.o
 .debug_info    0x0000000000001bfe       0x5d Core/Src/bluetooth_logo.o
 .debug_info    0x0000000000001c5b      0xb71 Core/Src/fonts.o
 .debug_info    0x00000000000027cc      0xdb6 Core/Src/hal_lcd.o
 .debug_info    0x0000000000003582     0x1a9a Core/Src/hw_timerserver.o
 .debug_info    0x000000000000501c     0x19cf Core/Src/main.o
 .debug_info    0x00000000000069eb     0x18f9 Core/Src/ssd1306.o
 .debug_info    0x00000000000082e4     0x1d4c Core/Src/stm32wbxx_hal_msp.o