stm32wbxx_ll_pwr.h:1523:22:LL_PWR_EnableBootC2	4	static
stm32wbxx_ll_bus.h:664:22:LL_AHB3_GRP1_EnableClock	24	static
stm32wbxx_ll_ipcc.h:138:22:LL_C1_IPCC_EnableIT_TXF	16	static
stm32wbxx_ll_ipcc.h:171:22:LL_C1_IPCC_EnableIT_RXO	16	static
stm32wbxx_ll_ipcc.h:290:22:LL_C1_IPCC_EnableTransmitChannel	16	static
stm32wbxx_ll_ipcc.h:313:22:LL_C1_IPCC_DisableTransmitChannel	16	static
stm32wbxx_ll_ipcc.h:359:22:LL_C1_IPCC_EnableReceiveChannel	16	static
stm32wbxx_ll_ipcc.h:382:22:LL_C1_IPCC_DisableReceiveChannel	16	static
stm32wbxx_ll_ipcc.h:575:22:LL_C1_IPCC_ClearFlag_CHx	16	static
stm32wbxx_ll_ipcc.h:599:22:LL_C1_IPCC_SetFlag_CHx	16	static
stm32wbxx_ll_ipcc.h:622:26:LL_C1_IPCC_IsActiveFlag_CHx	16	static
stm32wbxx_ll_ipcc.h:693:26:LL_C2_IPCC_IsActiveFlag_CHx	16	static
hw_ipcc.c:50:6:HW_IPCC_Rx_Handler	8	static
hw_ipcc.c:76:6:HW_IPCC_Tx_Handler	8	static
hw_ipcc.c:99:6:HW_IPCC_Enable	8	static
hw_ipcc.c:106:6:HW_IPCC_Init	8	static
hw_ipcc.c:122:6:HW_IPCC_BLE_Init	8	static
hw_ipcc.c:129:6:HW_IPCC_BLE_SendCmd	8	static
hw_ipcc.c:136:13:HW_IPCC_BLE_EvtHandler	8	static
hw_ipcc.c:145:6:HW_IPCC_BLE_SendAclData	8	static
hw_ipcc.c:153:13:HW_IPCC_BLE_AclDataEvtHandler	8	static
hw_ipcc.c:162:13:HW_IPCC_BLE_AclDataAckNot	4	static
hw_ipcc.c:163:13:HW_IPCC_BLE_RxEvtNot	4	static
hw_ipcc.c:168:6:HW_IPCC_SYS_Init	8	static
hw_ipcc.c:175:6:HW_IPCC_SYS_SendCmd	8	static
hw_ipcc.c:183:13:HW_IPCC_SYS_CmdEvtHandler	8	static
hw_ipcc.c:192:13:HW_IPCC_SYS_EvtHandler	8	static
hw_ipcc.c:201:13:HW_IPCC_SYS_CmdEvtNot	4	static
hw_ipcc.c:202:13:HW_IPCC_SYS_EvtNot	4	static
hw_ipcc.c:207:6:HW_IPCC_THREAD_Init	8	static
hw_ipcc.c:215:6:HW_IPCC_OT_SendCmd	8	static
hw_ipcc.c:223:6:HW_IPCC_CLI_SendCmd	8	static
hw_ipcc.c:230:6:HW_IPCC_THREAD_SendAck	8	static
hw_ipcc.c:238:6:HW_IPCC_THREAD_CliSendAck	8	static
hw_ipcc.c:246:13:HW_IPCC_OT_CmdEvtHandler	8	static
hw_ipcc.c:255:13:HW_IPCC_THREAD_NotEvtHandler	8	static
hw_ipcc.c:264:13:HW_IPCC_THREAD_CliNotEvtHandler	8	static
hw_ipcc.c:273:13:HW_IPCC_OT_CmdEvtNot	4	static
hw_ipcc.c:274:13:HW_IPCC_CLI_CmdEvtNot	4	static
hw_ipcc.c:275:13:HW_IPCC_THREAD_EvtNot	4	static
hw_ipcc.c:280:6:HW_IPCC_MM_SendFreeBuf	16	static
hw_ipcc.c:297:13:HW_IPCC_MM_FreeBufHandler	8	static
hw_ipcc.c:311:6:HW_IPCC_TRACES_Init	8	static
hw_ipcc.c:318:13:HW_IPCC_TRACES_EvtHandler	8	static
hw_ipcc.c:327:13:HW_IPCC_TRACES_EvtNot	4	static
