stm32wbxx_ll_pwr.h:2216:26:LL_PWR_IsActiveFlag_C1STOP	4	static
stm32wbxx_ll_pwr.h:2266:26:LL_PWR_IsActiveFlag_C2DS	4	static
stm32wbxx_ll_pwr.h:2285:22:LL_PWR_ClearFlag_C1STOP_C1STB	4	static
stm32wbxx_ll_exti.h:339:22:LL_EXTI_EnableIT_32_63	16	static
stm32wbxx_ll_exti.h:368:22:LL_C2_EXTI_EnableIT_32_63	16	static
stm32wbxx_ll_rcc.h:1286:22:LL_RCC_HSE_Enable	4	static
stm32wbxx_ll_rcc.h:1306:26:LL_RCC_HSE_IsReady	4	static
stm32wbxx_ll_rcc.h:1448:22:LL_RCC_HSI_Enable	4	static
stm32wbxx_ll_rcc.h:1468:26:LL_RCC_HSI_IsReady	4	static
stm32wbxx_ll_rcc.h:2024:22:LL_RCC_SetSysClkSource	16	static
stm32wbxx_ll_rcc.h:2038:26:LL_RCC_GetSysClkSource	4	static
stm32wbxx_ll_rcc.h:2311:22:LL_RCC_SetClkAfterWakeFromStop	16	static
stm32wbxx_ll_hsem.h:233:26:LL_HSEM_1StepLock	16	static
stm32wbxx_ll_hsem.h:247:22:LL_HSEM_ReleaseLock	24	static
app_entry.c:86:6:APPE_Init	8	static
app_entry.c:116:13:Init_Debug	8	static
app_entry.c:166:13:SystemPower_Config	16	static
app_entry.c:190:13:appe_Tl_Init	40	static
app_entry.c:215:13:Switch_On_HSI	8	static
app_entry.c:225:13:APPE_SysStatusNot	16	static
app_entry.c:231:13:APPE_SysUserEvtRx	16	static
app_entry.c:252:6:SCH_Idle	4	static
app_entry.c:260:6:LPM_EnterStopMode	8	static
app_entry.c:289:6:LPM_ExitStopMode	8	static
app_entry.c:333:6:SCH_EvtIdle	16	static
app_entry.c:338:6:shci_notify_asynch_evt	16	static
app_entry.c:344:6:shci_cmd_resp_release	16	static
app_entry.c:350:6:shci_cmd_resp_wait	16	static
