ssd1306.c:52:9:SSD1306_Init	8	static
ssd1306.c:125:6:SSD1306_UpdateScreen	16	static
ssd1306.c:138:6:SSD1306_ToggleInvert	16	static
ssd1306.c:150:6:SSD1306_Fill	16	static
ssd1306.c:155:6:SSD1306_DrawPixel	16	static
ssd1306.c:177:6:SSD1306_GotoXY	16	static
ssd1306.c:183:6:SSD1306_Putc	32	static
ssd1306.c:218:6:SSD1306_Puts	24	static
ssd1306.c:235:6:SSD1306_DrawLine	40	static
ssd1306.c:319:6:SSD1306_DrawRectangle	32	static
ssd1306.c:344:6:SSD1306_DrawFilledRectangle	40	static
ssd1306.c:371:6:SSD1306_DrawTriangle	32	static
ssd1306.c:378:6:SSD1306_DrawFilledTriangle	64	static
ssd1306.c:434:6:SSD1306_DrawCircle	40	static
ssd1306.c:468:6:SSD1306_DrawFilledCircle	48	static
ssd1306.c:499:6:SSD1306_ON	8	static
ssd1306.c:504:6:SSD1306_OFF	8	static
ssd1306.c:512:6:ssd1306_I2C_WriteMulti	32	static
ssd1306.c:521:6:ssd1306_I2C_Write	32	static
