tl_mbox.c:68:6:TL_Enable	8	static
tl_mbox.c:76:6:TL_Init	8	static
tl_mbox.c:95:9:TL_BLE_Init	24	static
tl_mbox.c:118:9:TL_BLE_SendCmd	16	static
tl_mbox.c:127:6:HW_IPCC_BLE_RxEvtNot	16	static
tl_mbox.c:141:9:TL_BLE_SendAclData	16	static
tl_mbox.c:150:6:HW_IPCC_BLE_AclDataAckNot	8	static
tl_mbox.c:160:9:TL_SYS_Init	24	static
tl_mbox.c:179:9:TL_SYS_SendCmd	16	static
tl_mbox.c:188:6:HW_IPCC_SYS_CmdEvtNot	8	static
tl_mbox.c:195:6:HW_IPCC_SYS_EvtNot	16	static
tl_mbox.c:211:6:TL_THREAD_Init	24	static
tl_mbox.c:226:6:TL_OT_SendCmd	8	static
tl_mbox.c:235:6:TL_CLI_SendCmd	8	static
tl_mbox.c:244:6:TL_THREAD_SendAck	8	static
tl_mbox.c:253:6:TL_THREAD_CliSendAck	8	static
tl_mbox.c:262:6:HW_IPCC_OT_CmdEvtNot	8	static
tl_mbox.c:269:6:HW_IPCC_THREAD_EvtNot	8	static
tl_mbox.c:276:6:HW_IPCC_THREAD_CliEvtNot	8	static
tl_mbox.c:283:13:TL_OT_CmdEvtReceived	16	static
tl_mbox.c:284:13:TL_THREAD_NotReceived	16	static
tl_mbox.c:285:13:TL_THREAD_CliNotReceived	16	static
tl_mbox.c:344:6:TL_MM_Init	16	static
tl_mbox.c:364:6:TL_MM_EvtDone	16	static
tl_mbox.c:373:13:SendFreeBuf	16	static
tl_mbox.c:390:6:TL_TRACES_Init	8	static
tl_mbox.c:401:6:HW_IPCC_TRACES_EvtNot	16	static
tl_mbox.c:414:13:TL_TRACES_EvtReceived	16	static
