svc_ctl.c:61:13:BLS_Init	4	static
svc_ctl.c:65:13:CRS_STM_Init	4	static
svc_ctl.c:69:13:DIS_Init	4	static
svc_ctl.c:73:13:EDS_STM_Init	4	static
svc_ctl.c:77:13:HIDS_Init	4	static
svc_ctl.c:81:13:HRS_Init	4	static
svc_ctl.c:85:13:HTS_Init	4	static
svc_ctl.c:89:13:IAS_Init	4	static
svc_ctl.c:93:13:LLS_Init	4	static
svc_ctl.c:97:13:TPS_Init	4	static
svc_ctl.c:101:13:P2PS_STM_Init	4	static
svc_ctl.c:105:13:OTAS_STM_Init	4	static
svc_ctl.c:109:13:MESH_Init	4	static
svc_ctl.c:113:13:SVCCTL_InitCustomSvc	4	static
svc_ctl.c:120:6:SVCCTL_Init	8	static
svc_ctl.c:169:6:SVCCTL_RegisterSvcHandler	16	static
svc_ctl.c:184:6:SVCCTL_RegisterCltHandler	16	static
svc_ctl.c:194:28:SVCCTL_UserEvtRx	32	static
