stm32wbxx_ll_pwr.h:752:22:LL_PWR_EnableSRAM2Retention	4	static
stm32wbxx_ll_pwr.h:762:22:LL_PWR_DisableSRAM2Retention	4	static
stm32wbxx_ll_pwr.h:1204:22:LL_PWR_SetBORConfig	16	static
stm32wbxx_ll_pwr.h:1216:26:LL_PWR_GetBORConfig	4	static
stm32wbxx_ll_pwr.h:1523:22:LL_PWR_EnableBootC2	4	static
stm32wbxx_ll_pwr.h:1534:22:LL_PWR_DisableBootC2	4	static
stm32wbxx_ll_exti.h:266:22:LL_EXTI_EnableIT_0_31	16	static
stm32wbxx_ll_exti.h:339:22:LL_EXTI_EnableIT_32_63	16	static
stm32wbxx_ll_exti.h:412:22:LL_EXTI_DisableIT_0_31	16	static
stm32wbxx_ll_exti.h:485:22:LL_EXTI_DisableIT_32_63	16	static
stm32wbxx_ll_exti.h:701:22:LL_EXTI_EnableEvent_0_31	16	static
stm32wbxx_ll_exti.h:748:22:LL_EXTI_EnableEvent_32_63	16	static
stm32wbxx_ll_exti.h:795:22:LL_EXTI_DisableEvent_0_31	16	static
stm32wbxx_ll_exti.h:842:22:LL_EXTI_DisableEvent_32_63	16	static
stm32wbxx_ll_exti.h:1001:22:LL_EXTI_EnableRisingTrig_0_31	16	static
stm32wbxx_ll_exti.h:1022:22:LL_EXTI_EnableRisingTrig_32_63	16	static
stm32wbxx_ll_exti.h:1063:22:LL_EXTI_DisableRisingTrig_0_31	16	static
stm32wbxx_ll_exti.h:1085:22:LL_EXTI_DisableRisingTrig_32_63	16	static
stm32wbxx_ll_exti.h:1185:22:LL_EXTI_EnableFallingTrig_0_31	16	static
stm32wbxx_ll_exti.h:1207:22:LL_EXTI_EnableFallingTrig_32_63	16	static
stm32wbxx_ll_exti.h:1250:22:LL_EXTI_DisableFallingTrig_0_31	16	static
stm32wbxx_ll_exti.h:1271:22:LL_EXTI_DisableFallingTrig_32_63	16	static
stm32wbxx_ll_exti.h:1487:26:LL_EXTI_ReadFlag_0_31	16	static
stm32wbxx_ll_exti.h:1503:26:LL_EXTI_ReadFlag_32_63	16	static
stm32wbxx_ll_exti.h:1538:22:LL_EXTI_ClearFlag_0_31	16	static
stm32wbxx_ll_exti.h:1554:22:LL_EXTI_ClearFlag_32_63	16	static
stm32wbxx_hal_pwr_ex.c:86:10:HAL_PWREx_GetVoltageRange	4	static
stm32wbxx_hal_pwr_ex.c:111:19:HAL_PWREx_ControlVoltageScaling	24	static
stm32wbxx_hal_pwr_ex.c:161:6:HAL_PWREx_EnableBatteryCharging	16	static
stm32wbxx_hal_pwr_ex.c:176:6:HAL_PWREx_DisableBatteryCharging	4	static
stm32wbxx_hal_pwr_ex.c:188:6:HAL_PWREx_EnableVddUSB	4	static
stm32wbxx_hal_pwr_ex.c:197:6:HAL_PWREx_DisableVddUSB	4	static
stm32wbxx_hal_pwr_ex.c:208:6:HAL_PWREx_EnableInternalWakeUpLine	4	static
stm32wbxx_hal_pwr_ex.c:217:6:HAL_PWREx_DisableInternalWakeUpLine	4	static
stm32wbxx_hal_pwr_ex.c:228:6:HAL_PWREx_EnableBORH_SMPSBypassIT	4	static
stm32wbxx_hal_pwr_ex.c:238:6:HAL_PWREx_DisableBORH_SMPSBypassIT	4	static
stm32wbxx_hal_pwr_ex.c:248:6:HAL_PWREx_EnableRFPhaseIT	4	static
stm32wbxx_hal_pwr_ex.c:257:6:HAL_PWREx_DisableRFPhaseIT	4	static
stm32wbxx_hal_pwr_ex.c:267:6:HAL_PWREx_EnableBLEActivityIT	4	static
stm32wbxx_hal_pwr_ex.c:276:6:HAL_PWREx_DisableBLEActivityIT	4	static
stm32wbxx_hal_pwr_ex.c:286:6:HAL_PWREx_Enable802ActivityIT	4	static
stm32wbxx_hal_pwr_ex.c:295:6:HAL_PWREx_Disable802ActivityIT	4	static
stm32wbxx_hal_pwr_ex.c:304:6:HAL_PWREx_EnableHOLDC2IT	4	static
stm32wbxx_hal_pwr_ex.c:313:6:HAL_PWREx_DisableHOLDC2IT	4	static
stm32wbxx_hal_pwr_ex.c:341:19:HAL_PWREx_EnableGPIOPullUp	24	static
stm32wbxx_hal_pwr_ex.c:397:19:HAL_PWREx_DisableGPIOPullUp	24	static
stm32wbxx_hal_pwr_ex.c:455:19:HAL_PWREx_EnableGPIOPullDown	24	static
stm32wbxx_hal_pwr_ex.c:511:19:HAL_PWREx_DisableGPIOPullDown	24	static
stm32wbxx_hal_pwr_ex.c:556:6:HAL_PWREx_EnablePullUpPullDownConfig	4	static
stm32wbxx_hal_pwr_ex.c:567:6:HAL_PWREx_DisablePullUpPullDownConfig	4	static
stm32wbxx_hal_pwr_ex.c:580:6:HAL_PWREx_SetBORConfig	16	static
stm32wbxx_hal_pwr_ex.c:591:10:HAL_PWREx_GetBORConfig	8	static
stm32wbxx_hal_pwr_ex.c:605:6:HAL_PWREx_HoldCore	16	static
stm32wbxx_hal_pwr_ex.c:620:6:HAL_PWREx_ReleaseCore	16	static
stm32wbxx_hal_pwr_ex.c:635:6:HAL_PWREx_EnableSRAMRetention	8	static
stm32wbxx_hal_pwr_ex.c:646:6:HAL_PWREx_DisableSRAMRetention	8	static
stm32wbxx_hal_pwr_ex.c:661:6:HAL_PWREx_EnableFlashPowerDown	16	static
stm32wbxx_hal_pwr_ex.c:684:6:HAL_PWREx_DisableFlashPowerDown	16	static
stm32wbxx_hal_pwr_ex.c:697:6:HAL_PWREx_EnablePVM1	4	static
stm32wbxx_hal_pwr_ex.c:706:6:HAL_PWREx_DisablePVM1	4	static
stm32wbxx_hal_pwr_ex.c:714:6:HAL_PWREx_EnablePVM3	4	static
stm32wbxx_hal_pwr_ex.c:723:6:HAL_PWREx_DisablePVM3	4	static
stm32wbxx_hal_pwr_ex.c:743:19:HAL_PWREx_ConfigPVM	24	static
stm32wbxx_hal_pwr_ex.c:838:19:HAL_PWREx_ConfigSMPS	32	static
stm32wbxx_hal_pwr_ex.c:897:6:HAL_PWREx_SMPS_SetMode	16	static
stm32wbxx_hal_pwr_ex.c:922:10:HAL_PWREx_SMPS_GetEffectiveMode	4	static
stm32wbxx_hal_pwr_ex.c:949:6:HAL_PWREx_EnableWakeUpPin	16	static
stm32wbxx_hal_pwr_ex.c:979:11:HAL_PWREx_GetWakeupFlag	16	static
stm32wbxx_hal_pwr_ex.c:995:19:HAL_PWREx_ClearWakeupFlag	16	static
stm32wbxx_hal_pwr_ex.c:1018:6:HAL_PWREx_EnableLowPowerRunMode	4	static
stm32wbxx_hal_pwr_ex.c:1033:19:HAL_PWREx_DisableLowPowerRunMode	16	static
stm32wbxx_hal_pwr_ex.c:1080:6:HAL_PWREx_EnterSTOP0Mode	16	static,ignoring_inline_asm
stm32wbxx_hal_pwr_ex.c:1134:6:HAL_PWREx_EnterSTOP1Mode	16	static,ignoring_inline_asm
stm32wbxx_hal_pwr_ex.c:1188:6:HAL_PWREx_EnterSTOP2Mode	16	static,ignoring_inline_asm
stm32wbxx_hal_pwr_ex.c:1232:6:HAL_PWREx_EnterSHUTDOWNMode	4	static,ignoring_inline_asm
stm32wbxx_hal_pwr_ex.c:1261:6:HAL_PWREx_PVD_PVM_IRQHandler	8	static
stm32wbxx_hal_pwr_ex.c:1299:13:HAL_PWREx_PVM1Callback	4	static
stm32wbxx_hal_pwr_ex.c:1310:13:HAL_PWREx_PVM3Callback	4	static
