stm32wbxx_hal_flash_ex.c:151:19:HAL_FLASHEx_Erase	24	static
stm32wbxx_hal_flash_ex.c:221:19:HAL_FLASHEx_Erase_IT	24	static
stm32wbxx_hal_flash_ex.c:285:19:HAL_FLASHEx_OBProgram	48	static
stm32wbxx_hal_flash_ex.c:386:6:HAL_FLASHEx_OBGetConfig	32	static
stm32wbxx_hal_flash_ex.c:422:10:HAL_FLASHEx_FlashEmptyCheck	4	static
stm32wbxx_hal_flash_ex.c:439:6:HAL_FLASHEx_ForceFlashEmpty	16	static
stm32wbxx_hal_flash_ex.c:455:6:HAL_FLASHEx_SuspendOperation	4	static
stm32wbxx_hal_flash_ex.c:469:6:HAL_FLASHEx_AllowOperation	4	static
stm32wbxx_hal_flash_ex.c:485:10:HAL_FLASHEx_IsOperationSuspended	16	static
stm32wbxx_hal_flash_ex.c:514:13:FLASH_MassErase	4	static
stm32wbxx_hal_flash_ex.c:528:6:FLASH_PageErase	16	static
stm32wbxx_hal_flash_ex.c:542:13:FLASH_FlushCaches	4	static
stm32wbxx_hal_flash_ex.c:571:13:FLASH_AcknowledgePageErase	4	static
stm32wbxx_hal_flash_ex.c:599:13:FLASH_OB_WRPConfig	24	static
stm32wbxx_hal_flash_ex.c:653:13:FLASH_OB_OptrConfig	32	static
stm32wbxx_hal_flash_ex.c:687:13:FLASH_OB_PCROPConfig	40	static
stm32wbxx_hal_flash_ex.c:756:13:FLASH_OB_IPCCBufferAddrConfig	16	static
stm32wbxx_hal_flash_ex.c:773:13:FLASH_OB_SecureConfig	24	static
stm32wbxx_hal_flash_ex.c:844:13:FLASH_OB_GetWRP	24	static
stm32wbxx_hal_flash_ex.c:870:17:FLASH_OB_GetRDP	16	static
stm32wbxx_hal_flash_ex.c:902:17:FLASH_OB_GetUser	16	static
stm32wbxx_hal_flash_ex.c:924:13:FLASH_OB_GetPCROP	32	static
stm32wbxx_hal_flash_ex.c:947:17:FLASH_OB_GetIPCCBufferAddr	4	static
stm32wbxx_hal_flash_ex.c:963:13:FLASH_OB_GetSecureMemoryConfig	32	static
stm32wbxx_hal_flash_ex.c:986:13:FLASH_OB_GetC2BootResetConfig	16	static
stm32wbxx_hal_flash_ex.c:1004:26:FLASH_OB_ProceedWriteOperation	16	static
