stm32wbxx_ll_bus.h:363:22:LL_AHB1_GRP1_ForceReset	16	static
stm32wbxx_ll_bus.h:384:22:LL_AHB1_GRP1_ReleaseReset	16	static
stm32wbxx_ll_bus.h:549:22:LL_AHB2_GRP1_ForceReset	16	static
stm32wbxx_ll_bus.h:576:22:LL_AHB2_GRP1_ReleaseReset	16	static
stm32wbxx_ll_bus.h:741:22:LL_AHB3_GRP1_ForceReset	16	static
stm32wbxx_ll_bus.h:766:22:LL_AHB3_GRP1_ReleaseReset	16	static
stm32wbxx_ll_bus.h:988:22:LL_APB1_GRP1_ForceReset	16	static
stm32wbxx_ll_bus.h:1003:22:LL_APB1_GRP2_ForceReset	16	static
stm32wbxx_ll_bus.h:1030:22:LL_APB1_GRP1_ReleaseReset	16	static
stm32wbxx_ll_bus.h:1045:22:LL_APB1_GRP2_ReleaseReset	16	static
stm32wbxx_ll_bus.h:1242:22:LL_APB2_GRP1_ForceReset	16	static
stm32wbxx_ll_bus.h:1265:22:LL_APB2_GRP1_ReleaseReset	16	static
stm32wbxx_ll_bus.h:1333:22:LL_APB3_GRP1_ForceReset	16	static
stm32wbxx_ll_bus.h:1345:22:LL_APB3_GRP1_ReleaseReset	16	static
stm32wbxx_ll_system.h:461:22:LL_SYSCFG_EnableAnalogBooster	4	static
stm32wbxx_ll_system.h:480:22:LL_SYSCFG_DisableAnalogBooster	4	static
stm32wbxx_ll_system.h:492:22:LL_SYSCFG_EnableAnalogGpioSwitch	4	static
stm32wbxx_ll_system.h:504:22:LL_SYSCFG_DisableAnalogGpioSwitch	4	static
stm32wbxx_ll_system.h:807:22:LL_SYSCFG_EnableSRAM2Erase	4	static
stm32wbxx_ll_system.h:829:22:LL_SYSCFG_DisableSRAMFetch	4	static
stm32wbxx_ll_system.h:839:26:LL_SYSCFG_IsEnabledSRAMFetch	4	static
stm32wbxx_ll_system.h:1005:22:LL_SYSCFG_UnlockSRAM2WRP	4	static
stm32wbxx_ll_system.h:1409:22:LL_SYSCFG_EnableSecurityAccess	16	static
stm32wbxx_ll_system.h:1427:22:LL_SYSCFG_DisableSecurityAccess	16	static
stm32wbxx_ll_system.h:1445:26:LL_SYSCFG_IsEnabledSecurityAccess	16	static
stm32wbxx_ll_system.h:1467:26:LL_DBGMCU_GetDeviceID	4	static
stm32wbxx_ll_system.h:1478:26:LL_DBGMCU_GetRevisionID	4	static
stm32wbxx_ll_system.h:1488:22:LL_DBGMCU_EnableDBGSleepMode	4	static
stm32wbxx_ll_system.h:1498:22:LL_DBGMCU_DisableDBGSleepMode	4	static
stm32wbxx_ll_system.h:1508:22:LL_DBGMCU_EnableDBGStopMode	4	static
stm32wbxx_ll_system.h:1518:22:LL_DBGMCU_DisableDBGStopMode	4	static
stm32wbxx_ll_system.h:1528:22:LL_DBGMCU_EnableDBGStandbyMode	4	static
stm32wbxx_ll_system.h:1538:22:LL_DBGMCU_DisableDBGStandbyMode	4	static
stm32wbxx_ll_system.h:1797:22:LL_VREFBUF_Enable	4	static
stm32wbxx_ll_system.h:1807:22:LL_VREFBUF_Disable	4	static
stm32wbxx_ll_system.h:1840:22:LL_VREFBUF_SetVoltageScaling	16	static
stm32wbxx_ll_system.h:1883:22:LL_VREFBUF_SetTrimming	16	static
stm32wbxx_hal.c:141:19:HAL_Init	16	static
stm32wbxx_hal.c:184:19:HAL_DeInit	8	static
stm32wbxx_hal.c:216:13:HAL_MspInit	4	static
stm32wbxx_hal.c:227:13:HAL_MspDeInit	4	static
stm32wbxx_hal.c:250:26:HAL_InitTick	24	static
stm32wbxx_hal.c:318:13:HAL_IncTick	4	static
stm32wbxx_hal.c:329:17:HAL_GetTick	4	static
stm32wbxx_hal.c:338:10:HAL_GetTickPrio	4	static
stm32wbxx_hal.c:347:19:HAL_SetTickFreq	24	static
stm32wbxx_hal.c:367:10:HAL_GetTickFreq	4	static
stm32wbxx_hal.c:383:15:HAL_Delay	24	static
stm32wbxx_hal.c:410:13:HAL_SuspendTick	4	static
stm32wbxx_hal.c:426:13:HAL_ResumeTick	4	static
stm32wbxx_hal.c:436:10:HAL_GetHalVersion	4	static
stm32wbxx_hal.c:445:10:HAL_GetREVID	8	static
stm32wbxx_hal.c:454:10:HAL_GetDEVID	8	static
stm32wbxx_hal.c:463:10:HAL_GetUIDw0	4	static
stm32wbxx_hal.c:472:10:HAL_GetUIDw1	4	static
stm32wbxx_hal.c:481:10:HAL_GetUIDw2	4	static
stm32wbxx_hal.c:510:6:HAL_DBGMCU_EnableDBGSleepMode	8	static
stm32wbxx_hal.c:519:6:HAL_DBGMCU_DisableDBGSleepMode	8	static
stm32wbxx_hal.c:528:6:HAL_DBGMCU_EnableDBGStopMode	8	static
stm32wbxx_hal.c:537:6:HAL_DBGMCU_DisableDBGStopMode	8	static
stm32wbxx_hal.c:546:6:HAL_DBGMCU_EnableDBGStandbyMode	8	static
stm32wbxx_hal.c:555:6:HAL_DBGMCU_DisableDBGStandbyMode	8	static
stm32wbxx_hal.c:589:6:HAL_SYSCFG_SRAM2Erase	8	static
stm32wbxx_hal.c:603:6:HAL_SYSCFG_DisableSRAMFetch	8	static
stm32wbxx_hal.c:612:10:HAL_SYSCFG_IsEnabledSRAMFetch	8	static
stm32wbxx_hal.c:627:6:HAL_SYSCFG_VREFBUF_VoltageScalingConfig	16	static
stm32wbxx_hal.c:643:6:HAL_SYSCFG_VREFBUF_HighImpedanceConfig	16	static
stm32wbxx_hal.c:658:6:HAL_SYSCFG_VREFBUF_TrimmingConfig	16	static
stm32wbxx_hal.c:671:19:HAL_SYSCFG_EnableVREFBUF	16	static
stm32wbxx_hal.c:697:6:HAL_SYSCFG_DisableVREFBUF	8	static
stm32wbxx_hal.c:707:6:HAL_SYSCFG_EnableIOBooster	8	static
stm32wbxx_hal.c:717:6:HAL_SYSCFG_DisableIOBooster	8	static
stm32wbxx_hal.c:727:6:HAL_SYSCFG_EnableIOVdd	8	static
stm32wbxx_hal.c:737:6:HAL_SYSCFG_DisableIOVdd	8	static
stm32wbxx_hal.c:754:6:HAL_SYSCFG_EnableSecurityAccess	16	static
stm32wbxx_hal.c:774:6:HAL_SYSCFG_DisableSecurityAccess	16	static
stm32wbxx_hal.c:791:10:HAL_SYSCFG_IsEnabledSecurityAccess	16	static
