stm32wbxx_ll_rcc.h:1246:26:LL_RCC_HSE_IsEnabledDiv2	4	static
stm32wbxx_ll_rcc.h:1256:22:LL_RCC_HSE_EnableCSS	4	static
stm32wbxx_ll_rcc.h:1266:22:LL_RCC_HSE_EnableBypass	4	static
stm32wbxx_ll_rcc.h:1276:22:LL_RCC_HSE_DisableBypass	4	static
stm32wbxx_ll_rcc.h:1286:22:LL_RCC_HSE_Enable	4	static
stm32wbxx_ll_rcc.h:1296:22:LL_RCC_HSE_Disable	4	static
stm32wbxx_ll_rcc.h:1306:26:LL_RCC_HSE_IsReady	4	static
stm32wbxx_ll_rcc.h:1448:22:LL_RCC_HSI_Enable	4	static
stm32wbxx_ll_rcc.h:1458:22:LL_RCC_HSI_Disable	4	static
stm32wbxx_ll_rcc.h:1468:26:LL_RCC_HSI_IsReady	4	static
stm32wbxx_ll_rcc.h:1513:22:LL_RCC_HSI_SetCalibTrimming	16	static
stm32wbxx_ll_rcc.h:1523:26:LL_RCC_HSI_GetCalibTrimming	4	static
stm32wbxx_ll_rcc.h:1541:22:LL_RCC_HSI48_Enable	4	static
stm32wbxx_ll_rcc.h:1551:22:LL_RCC_HSI48_Disable	4	static
stm32wbxx_ll_rcc.h:1561:26:LL_RCC_HSI48_IsReady	4	static
stm32wbxx_ll_rcc.h:1589:22:LL_RCC_LSE_Enable	4	static
stm32wbxx_ll_rcc.h:1599:22:LL_RCC_LSE_Disable	4	static
stm32wbxx_ll_rcc.h:1619:22:LL_RCC_LSE_EnableBypass	4	static
stm32wbxx_ll_rcc.h:1629:22:LL_RCC_LSE_DisableBypass	4	static
stm32wbxx_ll_rcc.h:1691:26:LL_RCC_LSE_IsReady	4	static
stm32wbxx_ll_rcc.h:1719:22:LL_RCC_LSI1_Enable	4	static
stm32wbxx_ll_rcc.h:1729:22:LL_RCC_LSI1_Disable	4	static
stm32wbxx_ll_rcc.h:1739:26:LL_RCC_LSI1_IsReady	4	static
stm32wbxx_ll_rcc.h:1757:22:LL_RCC_LSI2_Enable	4	static
stm32wbxx_ll_rcc.h:1767:22:LL_RCC_LSI2_Disable	4	static
stm32wbxx_ll_rcc.h:1777:26:LL_RCC_LSI2_IsReady	4	static
stm32wbxx_ll_rcc.h:1788:22:LL_RCC_LSI2_SetTrimming	16	static
stm32wbxx_ll_rcc.h:1816:22:LL_RCC_MSI_Enable	4	static
stm32wbxx_ll_rcc.h:1826:22:LL_RCC_MSI_Disable	4	static
stm32wbxx_ll_rcc.h:1836:26:LL_RCC_MSI_IsReady	4	static
stm32wbxx_ll_rcc.h:1886:22:LL_RCC_MSI_SetRange	16	static
stm32wbxx_ll_rcc.h:1908:26:LL_RCC_MSI_GetRange	16	static
stm32wbxx_ll_rcc.h:1938:22:LL_RCC_MSI_SetCalibTrimming	16	static
stm32wbxx_ll_rcc.h:1948:26:LL_RCC_MSI_GetCalibTrimming	4	static
stm32wbxx_ll_rcc.h:2024:22:LL_RCC_SetSysClkSource	16	static
stm32wbxx_ll_rcc.h:2038:26:LL_RCC_GetSysClkSource	4	static
stm32wbxx_ll_rcc.h:2114:22:LL_RCC_SetAHBPrescaler	16	static
stm32wbxx_ll_rcc.h:2139:22:LL_C2_RCC_SetAHBPrescaler	16	static
stm32wbxx_ll_rcc.h:2164:22:LL_RCC_SetAHB4Prescaler	16	static
stm32wbxx_ll_rcc.h:2180:22:LL_RCC_SetAPB1Prescaler	16	static
stm32wbxx_ll_rcc.h:2196:22:LL_RCC_SetAPB2Prescaler	16	static
stm32wbxx_ll_rcc.h:2220:26:LL_RCC_GetAHBPrescaler	4	static
stm32wbxx_ll_rcc.h:2244:26:LL_C2_RCC_GetAHBPrescaler	4	static
stm32wbxx_ll_rcc.h:2268:26:LL_RCC_GetAHB4Prescaler	4	static
stm32wbxx_ll_rcc.h:2283:26:LL_RCC_GetAPB1Prescaler	4	static
stm32wbxx_ll_rcc.h:2298:26:LL_RCC_GetAPB2Prescaler	4	static
stm32wbxx_ll_rcc.h:2444:22:LL_RCC_ConfigMCO	16	static
stm32wbxx_ll_rcc.h:2883:22:LL_RCC_PLL_Enable	4	static
stm32wbxx_ll_rcc.h:2894:22:LL_RCC_PLL_Disable	4	static
stm32wbxx_ll_rcc.h:2904:26:LL_RCC_PLL_IsReady	4	static
stm32wbxx_ll_rcc.h:3120:26:LL_RCC_PLL_GetN	4	static
stm32wbxx_ll_rcc.h:3162:26:LL_RCC_PLL_GetP	4	static
stm32wbxx_ll_rcc.h:3180:26:LL_RCC_PLL_GetQ	4	static
stm32wbxx_ll_rcc.h:3198:26:LL_RCC_PLL_GetR	4	static
stm32wbxx_ll_rcc.h:3216:26:LL_RCC_PLL_GetDivider	4	static
stm32wbxx_ll_rcc.h:3344:26:LL_RCC_PLLSAI1_IsReady	4	static
stm32wbxx_ll_rcc.h:3520:26:LL_RCC_PLL_GetMainSource	4	static
stm32wbxx_ll_rcc.h:3915:26:LL_RCC_IsActiveFlag_HPRE	4	static
stm32wbxx_ll_rcc.h:3925:26:LL_RCC_IsActiveFlag_C2HPRE	4	static
stm32wbxx_ll_rcc.h:3935:26:LL_RCC_IsActiveFlag_SHDHPRE	4	static
stm32wbxx_ll_rcc.h:3946:26:LL_RCC_IsActiveFlag_PPRE1	4	static
stm32wbxx_ll_rcc.h:3956:26:LL_RCC_IsActiveFlag_PPRE2	4	static
stm32wbxx_ll_bus.h:466:22:LL_AHB2_GRP1_EnableClock	24	static
stm32wbxx_hal_rcc.c:267:19:HAL_RCC_DeInit	16	static
stm32wbxx_hal_rcc.c:377:19:HAL_RCC_OscConfig	56	static
stm32wbxx_hal_rcc.c:993:19:HAL_RCC_ClockConfig	24	static
stm32wbxx_hal_rcc.c:1253:6:HAL_RCC_MCOConfig	48	static
stm32wbxx_hal_rcc.c:1333:10:HAL_RCC_GetSysClockFreq	32	static
stm32wbxx_hal_rcc.c:1396:10:HAL_RCC_GetHCLKFreq	16	static
stm32wbxx_hal_rcc.c:1406:10:HAL_RCC_GetHCLK2Freq	16	static
stm32wbxx_hal_rcc.c:1416:10:HAL_RCC_GetHCLK4Freq	16	static
stm32wbxx_hal_rcc.c:1428:10:HAL_RCC_GetPCLK1Freq	16	static
stm32wbxx_hal_rcc.c:1440:10:HAL_RCC_GetPCLK2Freq	16	static
stm32wbxx_hal_rcc.c:1453:6:HAL_RCC_GetOscConfig	24	static
stm32wbxx_hal_rcc.c:1563:6:HAL_RCC_GetClockConfig	16	static
stm32wbxx_hal_rcc.c:1605:6:HAL_RCC_EnableCSS	8	static
stm32wbxx_hal_rcc.c:1615:6:HAL_RCC_NMI_IRQHandler	8	static
stm32wbxx_hal_rcc.c:1632:13:HAL_RCC_CSSCallback	4	static
stm32wbxx_hal_rcc.c:1659:26:RCC_SetFlashLatencyFromMSIRange	32	static
stm32wbxx_hal_rcc.c:1688:26:RCC_SetFlashLatency	88	static
