stm32wbxx_ll_exti.h:266:22:LL_EXTI_EnableIT_0_31	16	static
stm32wbxx_ll_exti.h:1001:22:LL_EXTI_EnableRisingTrig_0_31	16	static
stm32wbxx_ll_rcc.h:1246:26:LL_RCC_HSE_IsEnabledDiv2	4	static
stm32wbxx_ll_rcc.h:1306:26:LL_RCC_HSE_IsReady	4	static
stm32wbxx_ll_rcc.h:1468:26:LL_RCC_HSI_IsReady	4	static
stm32wbxx_ll_rcc.h:1561:26:LL_RCC_HSI48_IsReady	4	static
stm32wbxx_ll_rcc.h:1609:26:LL_RCC_LSE_IsEnabled	4	static
stm32wbxx_ll_rcc.h:1669:22:LL_RCC_LSE_EnableCSS	4	static
stm32wbxx_ll_rcc.h:1681:22:LL_RCC_LSE_DisableCSS	4	static
stm32wbxx_ll_rcc.h:1691:26:LL_RCC_LSE_IsReady	4	static
stm32wbxx_ll_rcc.h:1739:26:LL_RCC_LSI1_IsReady	4	static
stm32wbxx_ll_rcc.h:1777:26:LL_RCC_LSI2_IsReady	4	static
stm32wbxx_ll_rcc.h:1788:22:LL_RCC_LSI2_SetTrimming	16	static
stm32wbxx_ll_rcc.h:1836:26:LL_RCC_MSI_IsReady	4	static
stm32wbxx_ll_rcc.h:1850:22:LL_RCC_MSI_EnablePLLMode	4	static
stm32wbxx_ll_rcc.h:1862:22:LL_RCC_MSI_DisablePLLMode	4	static
stm32wbxx_ll_rcc.h:1908:26:LL_RCC_MSI_GetRange	16	static
stm32wbxx_ll_rcc.h:1976:22:LL_RCC_LSCO_Disable	4	static
stm32wbxx_ll_rcc.h:2065:22:LL_RCC_SetRFWKPClockSource	16	static
stm32wbxx_ll_rcc.h:2079:26:LL_RCC_GetRFWKPClockSource	4	static
stm32wbxx_ll_rcc.h:2220:26:LL_RCC_GetAHBPrescaler	4	static
stm32wbxx_ll_rcc.h:2283:26:LL_RCC_GetAPB1Prescaler	4	static
stm32wbxx_ll_rcc.h:2298:26:LL_RCC_GetAPB2Prescaler	4	static
stm32wbxx_ll_rcc.h:2311:22:LL_RCC_SetClkAfterWakeFromStop	16	static
stm32wbxx_ll_rcc.h:2349:22:LL_RCC_SetSMPSClockSource	16	static
stm32wbxx_ll_rcc.h:2362:26:LL_RCC_GetSMPSClockSelection	4	static
stm32wbxx_ll_rcc.h:2377:26:LL_RCC_GetSMPSClockSource	4	static
stm32wbxx_ll_rcc.h:2392:22:LL_RCC_SetSMPSPrescaler	16	static
stm32wbxx_ll_rcc.h:2406:26:LL_RCC_GetSMPSPrescaler	4	static
stm32wbxx_ll_rcc.h:2467:22:LL_RCC_SetUSARTClockSource	16	static
stm32wbxx_ll_rcc.h:2482:22:LL_RCC_SetLPUARTClockSource	16	static
stm32wbxx_ll_rcc.h:2499:22:LL_RCC_SetI2CClockSource	16	static
stm32wbxx_ll_rcc.h:2518:22:LL_RCC_SetLPTIMClockSource	16	static
stm32wbxx_ll_rcc.h:2533:22:LL_RCC_SetSAIClockSource	16	static
stm32wbxx_ll_rcc.h:2548:22:LL_RCC_SetRNGClockSource	16	static
stm32wbxx_ll_rcc.h:2563:22:LL_RCC_SetCLK48ClockSource	16	static
stm32wbxx_ll_rcc.h:2579:22:LL_RCC_SetUSBClockSource	16	static
stm32wbxx_ll_rcc.h:2622:22:LL_RCC_SetADCClockSource	16	static
stm32wbxx_ll_rcc.h:2638:26:LL_RCC_GetUSARTClockSource	16	static
stm32wbxx_ll_rcc.h:2654:26:LL_RCC_GetLPUARTClockSource	16	static
stm32wbxx_ll_rcc.h:2673:26:LL_RCC_GetI2CClockSource	16	static
stm32wbxx_ll_rcc.h:2694:26:LL_RCC_GetLPTIMClockSource	16	static
stm32wbxx_ll_rcc.h:2710:26:LL_RCC_GetSAIClockSource	16	static
stm32wbxx_ll_rcc.h:2725:26:LL_RCC_GetRNGClockSource	16	static
stm32wbxx_ll_rcc.h:2741:26:LL_RCC_GetCLK48ClockSource	16	static
stm32wbxx_ll_rcc.h:2758:26:LL_RCC_GetUSBClockSource	16	static
stm32wbxx_ll_rcc.h:2774:26:LL_RCC_GetADCClockSource	16	static
stm32wbxx_ll_rcc.h:2800:22:LL_RCC_SetRTCClockSource	16	static
stm32wbxx_ll_rcc.h:2814:26:LL_RCC_GetRTCClockSource	4	static
stm32wbxx_ll_rcc.h:2854:22:LL_RCC_ForceBackupDomainReset	4	static
stm32wbxx_ll_rcc.h:2864:22:LL_RCC_ReleaseBackupDomainReset	4	static
stm32wbxx_ll_rcc.h:2904:26:LL_RCC_PLL_IsReady	4	static
stm32wbxx_ll_rcc.h:3120:26:LL_RCC_PLL_GetN	4	static
stm32wbxx_ll_rcc.h:3162:26:LL_RCC_PLL_GetP	4	static
stm32wbxx_ll_rcc.h:3180:26:LL_RCC_PLL_GetQ	4	static
stm32wbxx_ll_rcc.h:3216:26:LL_RCC_PLL_GetDivider	4	static
stm32wbxx_ll_rcc.h:3324:22:LL_RCC_PLLSAI1_Enable	4	static
stm32wbxx_ll_rcc.h:3334:22:LL_RCC_PLLSAI1_Disable	4	static
stm32wbxx_ll_rcc.h:3344:26:LL_RCC_PLLSAI1_IsReady	4	static
stm32wbxx_ll_rcc.h:3520:26:LL_RCC_PLL_GetMainSource	4	static
stm32wbxx_ll_rcc.h:3530:26:LL_RCC_PLLSAI1_GetN	4	static
stm32wbxx_ll_rcc.h:3572:26:LL_RCC_PLLSAI1_GetP	4	static
stm32wbxx_ll_rcc.h:3590:26:LL_RCC_PLLSAI1_GetQ	4	static
stm32wbxx_ll_rcc.h:3608:26:LL_RCC_PLLSAI1_GetR	4	static
stm32wbxx_ll_bus.h:466:22:LL_AHB2_GRP1_EnableClock	24	static
stm32wbxx_ll_bus.h:988:22:LL_APB1_GRP1_ForceReset	16	static
stm32wbxx_ll_bus.h:1030:22:LL_APB1_GRP1_ReleaseReset	16	static
stm32wbxx_ll_crs.h:309:26:LL_CRS_GetHSI48SmoothTrimming	4	static
stm32wbxx_ll_crs.h:332:26:LL_CRS_GetReloadCounter	4	static
stm32wbxx_ll_crs.h:487:22:LL_CRS_GenerateEvent_SWSYNC	4	static
stm32wbxx_ll_crs.h:500:26:LL_CRS_GetFreqErrorDirection	4	static
stm32wbxx_ll_crs.h:510:26:LL_CRS_GetFreqErrorCapture	4	static
stm32wbxx_ll_crs.h:598:22:LL_CRS_ClearFlag_SYNCOK	4	static
stm32wbxx_ll_crs.h:608:22:LL_CRS_ClearFlag_SYNCWARN	4	static
stm32wbxx_ll_crs.h:619:22:LL_CRS_ClearFlag_ERR	4	static
stm32wbxx_ll_crs.h:629:22:LL_CRS_ClearFlag_ESYNC	4	static
stm32wbxx_hal_rcc_ex.c:145:19:HAL_RCCEx_PeriphCLKConfig	32	static
stm32wbxx_hal_rcc_ex.c:420:6:HAL_RCCEx_GetPeriphCLKConfig	16	static
stm32wbxx_hal_rcc_ex.c:498:10:HAL_RCCEx_GetPeriphCLKFreq	96	static
stm32wbxx_hal_rcc_ex.c:1082:19:HAL_RCCEx_EnablePLLSAI1	24	static
stm32wbxx_hal_rcc_ex.c:1142:19:HAL_RCCEx_DisablePLLSAI1	16	static
stm32wbxx_hal_rcc_ex.c:1181:6:HAL_RCCEx_WakeUpStopCLKConfig	16	static
stm32wbxx_hal_rcc_ex.c:1195:6:HAL_RCCEx_EnableLSECSS	8	static
stm32wbxx_hal_rcc_ex.c:1205:6:HAL_RCCEx_DisableLSECSS	8	static
stm32wbxx_hal_rcc_ex.c:1218:6:HAL_RCCEx_EnableLSECSS_IT	8	static
stm32wbxx_hal_rcc_ex.c:1237:6:HAL_RCCEx_LSECSS_IRQHandler	8	static
stm32wbxx_hal_rcc_ex.c:1254:13:HAL_RCCEx_LSECSS_Callback	4	static
stm32wbxx_hal_rcc_ex.c:1275:6:HAL_RCCEx_LSCOConfig	40	static
stm32wbxx_hal_rcc_ex.c:1350:6:HAL_RCCEx_EnableLSCO	40	static
stm32wbxx_hal_rcc_ex.c:1392:6:HAL_RCCEx_DisableLSCO	16	static
stm32wbxx_hal_rcc_ex.c:1423:6:HAL_RCCEx_EnableMSIPLLMode	8	static
stm32wbxx_hal_rcc_ex.c:1433:6:HAL_RCCEx_DisableMSIPLLMode	8	static
stm32wbxx_hal_rcc_ex.c:1449:19:HAL_RCCEx_TrimOsc	24	static
stm32wbxx_hal_rcc_ex.c:1551:6:HAL_RCCEx_CRSConfig	24	static
stm32wbxx_hal_rcc_ex.c:1593:6:HAL_RCCEx_CRSSoftwareSynchronizationGenerate	8	static
stm32wbxx_hal_rcc_ex.c:1603:6:HAL_RCCEx_CRSGetSynchronizationInfo	16	static
stm32wbxx_hal_rcc_ex.c:1636:10:HAL_RCCEx_CRSWaitSynchronization	24	static
stm32wbxx_hal_rcc_ex.c:1720:6:HAL_RCCEx_CRS_IRQHandler	24	static
stm32wbxx_hal_rcc_ex.c:1785:13:HAL_RCCEx_CRS_SyncOkCallback	4	static
stm32wbxx_hal_rcc_ex.c:1796:13:HAL_RCCEx_CRS_SyncWarnCallback	4	static
stm32wbxx_hal_rcc_ex.c:1807:13:HAL_RCCEx_CRS_ExpectedSyncCallback	4	static
stm32wbxx_hal_rcc_ex.c:1823:13:HAL_RCCEx_CRS_ErrorCallback	16	static
stm32wbxx_hal_rcc_ex.c:1854:26:RCCEx_PLLSAI1_ConfigNP	24	static
stm32wbxx_hal_rcc_ex.c:1923:26:RCCEx_PLLSAI1_ConfigNQ	24	static
stm32wbxx_hal_rcc_ex.c:1991:26:RCCEx_PLLSAI1_ConfigNR	24	static
stm32wbxx_hal_rcc_ex.c:2054:17:RCC_PLL_GetFreqDomain_P	24	static
stm32wbxx_hal_rcc_ex.c:2097:17:RCC_PLL_GetFreqDomain_Q	24	static
stm32wbxx_hal_rcc_ex.c:2140:17:RCC_PLLSAI1_GetFreqDomain_R	24	static
stm32wbxx_hal_rcc_ex.c:2181:17:RCC_PLLSAI1_GetFreqDomain_P	24	static
stm32wbxx_hal_rcc_ex.c:2222:17:RCC_PLLSAI1_GetFreqDomain_Q	24	static
