stm32wbxx_hal_rtc.c:224:19:HAL_RTC_Init	16	static
stm32wbxx_hal_rtc.c:346:19:HAL_RTC_DeInit	24	static
stm32wbxx_hal_rtc.c:668:13:HAL_RTC_MspInit	16	static
stm32wbxx_hal_rtc.c:683:13:HAL_RTC_MspDeInit	16	static
stm32wbxx_hal_rtc.c:721:19:HAL_RTC_SetTime	40	static
stm32wbxx_hal_rtc.c:855:19:HAL_RTC_GetTime	32	static
stm32wbxx_hal_rtc.c:899:19:HAL_RTC_SetDate	40	static
stm32wbxx_hal_rtc.c:1008:19:HAL_RTC_GetDate	32	static
stm32wbxx_hal_rtc.c:1062:19:HAL_RTC_SetAlarm	48	static
stm32wbxx_hal_rtc.c:1243:19:HAL_RTC_SetAlarm_IT	48	static
stm32wbxx_hal_rtc.c:1425:19:HAL_RTC_DeactivateAlarm	24	static
stm32wbxx_hal_rtc.c:1519:19:HAL_RTC_GetAlarm	32	static
stm32wbxx_hal_rtc.c:1579:6:HAL_RTC_AlarmIRQHandler	16	static
stm32wbxx_hal_rtc.c:1628:13:HAL_RTC_AlarmAEventCallback	16	static
stm32wbxx_hal_rtc.c:1644:19:HAL_RTC_PollForAlarmAEvent	24	static
stm32wbxx_hal_rtc.c:1703:19:HAL_RTC_WaitForSynchro	24	static
stm32wbxx_hal_rtc.c:1747:21:HAL_RTC_GetState	16	static
stm32wbxx_hal_rtc.c:1770:19:RTC_EnterInitMode	24	static
stm32wbxx_hal_rtc.c:1800:9:RTC_ByteToBcd2	24	static
stm32wbxx_hal_rtc.c:1819:9:RTC_Bcd2ToByte	24	static
